Archive member included to satisfy reference by file (symbol)

D:\UCLA\Courses\EE 113D\Labs\Project_AEC\Core\libs\libarm_cortexM7lfdp_math.a(arm_max_no_idx_f32.o)
                              Core/Src/aec.o (arm_max_no_idx_f32)
D:\UCLA\Courses\EE 113D\Labs\Project_AEC\Core\libs\libarm_cortexM7lfdp_math.a(arm_dot_prod_f32.o)
                              Core/Src/aec.o (arm_dot_prod_f32)
d:/ucla/st/stm32cubeide_1.4.0/stm32cubeide/plugins/com.st.stm32cube.ide.mcu.externaltools.gnu-tools-for-stm32.7-2018-q2-update.win32_1.4.0.202007081208/tools/bin/../lib/gcc/arm-none-eabi/7.3.1/../../../../arm-none-eabi/lib/thumb/v7e-m/fpv5/hard\libc_nano.a(lib_a-errno.o)
                              Core/Src/syscalls.o (__errno)
d:/ucla/st/stm32cubeide_1.4.0/stm32cubeide/plugins/com.st.stm32cube.ide.mcu.externaltools.gnu-tools-for-stm32.7-2018-q2-update.win32_1.4.0.202007081208/tools/bin/../lib/gcc/arm-none-eabi/7.3.1/../../../../arm-none-eabi/lib/thumb/v7e-m/fpv5/hard\libc_nano.a(lib_a-exit.o)
                              d:/ucla/st/stm32cubeide_1.4.0/stm32cubeide/plugins/com.st.stm32cube.ide.mcu.externaltools.gnu-tools-for-stm32.7-2018-q2-update.win32_1.4.0.202007081208/tools/bin/../lib/gcc/arm-none-eabi/7.3.1/../../../../arm-none-eabi/lib/thumb/v7e-m/fpv5/hard/crt0.o (exit)
d:/ucla/st/stm32cubeide_1.4.0/stm32cubeide/plugins/com.st.stm32cube.ide.mcu.externaltools.gnu-tools-for-stm32.7-2018-q2-update.win32_1.4.0.202007081208/tools/bin/../lib/gcc/arm-none-eabi/7.3.1/../../../../arm-none-eabi/lib/thumb/v7e-m/fpv5/hard\libc_nano.a(lib_a-impure.o)
                              d:/ucla/st/stm32cubeide_1.4.0/stm32cubeide/plugins/com.st.stm32cube.ide.mcu.externaltools.gnu-tools-for-stm32.7-2018-q2-update.win32_1.4.0.202007081208/tools/bin/../lib/gcc/arm-none-eabi/7.3.1/../../../../arm-none-eabi/lib/thumb/v7e-m/fpv5/hard\libc_nano.a(lib_a-exit.o) (_global_impure_ptr)
d:/ucla/st/stm32cubeide_1.4.0/stm32cubeide/plugins/com.st.stm32cube.ide.mcu.externaltools.gnu-tools-for-stm32.7-2018-q2-update.win32_1.4.0.202007081208/tools/bin/../lib/gcc/arm-none-eabi/7.3.1/../../../../arm-none-eabi/lib/thumb/v7e-m/fpv5/hard\libc_nano.a(lib_a-init.o)
                              d:/ucla/st/stm32cubeide_1.4.0/stm32cubeide/plugins/com.st.stm32cube.ide.mcu.externaltools.gnu-tools-for-stm32.7-2018-q2-update.win32_1.4.0.202007081208/tools/bin/../lib/gcc/arm-none-eabi/7.3.1/../../../../arm-none-eabi/lib/thumb/v7e-m/fpv5/hard/crt0.o (__libc_init_array)
d:/ucla/st/stm32cubeide_1.4.0/stm32cubeide/plugins/com.st.stm32cube.ide.mcu.externaltools.gnu-tools-for-stm32.7-2018-q2-update.win32_1.4.0.202007081208/tools/bin/../lib/gcc/arm-none-eabi/7.3.1/../../../../arm-none-eabi/lib/thumb/v7e-m/fpv5/hard\libc_nano.a(lib_a-memmove.o)
                              Core/Src/aec.o (memmove)
d:/ucla/st/stm32cubeide_1.4.0/stm32cubeide/plugins/com.st.stm32cube.ide.mcu.externaltools.gnu-tools-for-stm32.7-2018-q2-update.win32_1.4.0.202007081208/tools/bin/../lib/gcc/arm-none-eabi/7.3.1/../../../../arm-none-eabi/lib/thumb/v7e-m/fpv5/hard\libc_nano.a(lib_a-memset.o)
                              d:/ucla/st/stm32cubeide_1.4.0/stm32cubeide/plugins/com.st.stm32cube.ide.mcu.externaltools.gnu-tools-for-stm32.7-2018-q2-update.win32_1.4.0.202007081208/tools/bin/../lib/gcc/arm-none-eabi/7.3.1/../../../../arm-none-eabi/lib/thumb/v7e-m/fpv5/hard/crt0.o (memset)
d:/ucla/st/stm32cubeide_1.4.0/stm32cubeide/plugins/com.st.stm32cube.ide.mcu.externaltools.gnu-tools-for-stm32.7-2018-q2-update.win32_1.4.0.202007081208/tools/bin/../lib/gcc/arm-none-eabi/7.3.1/../../../../arm-none-eabi/lib/thumb/v7e-m/fpv5/hard\libc_nano.a(lib_a-rand.o)
                              Core/Src/echo.o (srand)
d:/ucla/st/stm32cubeide_1.4.0/stm32cubeide/plugins/com.st.stm32cube.ide.mcu.externaltools.gnu-tools-for-stm32.7-2018-q2-update.win32_1.4.0.202007081208/tools/bin/../lib/gcc/arm-none-eabi/7.3.1/../../../../arm-none-eabi/lib/thumb/v7e-m/fpv5/hard\libc_nano.a(lib_a-malloc.o)
                              d:/ucla/st/stm32cubeide_1.4.0/stm32cubeide/plugins/com.st.stm32cube.ide.mcu.externaltools.gnu-tools-for-stm32.7-2018-q2-update.win32_1.4.0.202007081208/tools/bin/../lib/gcc/arm-none-eabi/7.3.1/../../../../arm-none-eabi/lib/thumb/v7e-m/fpv5/hard\libc_nano.a(lib_a-rand.o) (malloc)
d:/ucla/st/stm32cubeide_1.4.0/stm32cubeide/plugins/com.st.stm32cube.ide.mcu.externaltools.gnu-tools-for-stm32.7-2018-q2-update.win32_1.4.0.202007081208/tools/bin/../lib/gcc/arm-none-eabi/7.3.1/../../../../arm-none-eabi/lib/thumb/v7e-m/fpv5/hard\libc_nano.a(lib_a-nano-freer.o)
                              d:/ucla/st/stm32cubeide_1.4.0/stm32cubeide/plugins/com.st.stm32cube.ide.mcu.externaltools.gnu-tools-for-stm32.7-2018-q2-update.win32_1.4.0.202007081208/tools/bin/../lib/gcc/arm-none-eabi/7.3.1/../../../../arm-none-eabi/lib/thumb/v7e-m/fpv5/hard\libc_nano.a(lib_a-malloc.o) (_free_r)
[...]
Memory Configuration

Name             Origin             Length             Attributes
DTCMRAM          0x0000000020000000 0x0000000000020000 xrw
ITCMRAM          0x0000000000000000 0x0000000000010000 xrw
RAM_D1           0x0000000024000000 0x0000000000080000 xrw
RAM_D2           0x0000000030000000 0x0000000000048000 xrw
RAM_D3           0x0000000038000000 0x0000000000010000 xrw
FLASH            0x0000000008000000 0x0000000000200000 xr
*default*        0x0000000000000000 0xffffffffffffffff

Linker script and memory map

LOAD d:/ucla/st/stm32cubeide_1.4.0/stm32cubeide/plugins/com.st.stm32cube.ide.mcu.externaltools.gnu-tools-for-stm32.7-2018-q2-update.win32_1.4.0.202007081208/tools/bin/../lib/gcc/arm-none-eabi/7.3.1/thumb/v7e-m/fpv5/hard/crti.o
LOAD d:/ucla/st/stm32cubeide_1.4.0/stm32cubeide/plugins/com.st.stm32cube.ide.mcu.externaltools.gnu-tools-for-stm32.7-2018-q2-update.win32_1.4.0.202007081208/tools/bin/../lib/gcc/arm-none-eabi/7.3.1/thumb/v7e-m/fpv5/hard/crtbegin.o
LOAD d:/ucla/st/stm32cubeide_1.4.0/stm32cubeide/plugins/com.st.stm32cube.ide.mcu.externaltools.gnu-tools-for-stm32.7-2018-q2-update.win32_1.4.0.202007081208/tools/bin/../lib/gcc/arm-none-eabi/7.3.1/../../../../arm-none-eabi/lib/thumb/v7e-m/fpv5/hard/crt0.o
LOAD Core/Src/aec.o
LOAD Core/Src/echo.o
LOAD Core/Src/main.o
LOAD Core/Src/stm32h7xx_hal_msp.o
LOAD Core/Src/stm32h7xx_it.o
LOAD Core/Src/syscalls.o
LOAD Core/Src/sysmem.o
LOAD Core/Src/system_stm32h7xx.o
LOAD Core/Startup/startup_stm32h743zitx.o
LOAD Drivers/STM32H7xx_HAL_Driver/Src/stm32h7xx_hal.o
LOAD Drivers/STM32H7xx_HAL_Driver/Src/stm32h7xx_hal_adc.o
LOAD Drivers/STM32H7xx_HAL_Driver/Src/stm32h7xx_hal_adc_ex.o
LOAD Drivers/STM32H7xx_HAL_Driver/Src/stm32h7xx_hal_cortex.o
LOAD Drivers/STM32H7xx_HAL_Driver/Src/stm32h7xx_hal_dac.o
LOAD Drivers/STM32H7xx_HAL_Driver/Src/stm32h7xx_hal_dac_ex.o
LOAD Drivers/STM32H7xx_HAL_Driver/Src/stm32h7xx_hal_dma.o
LOAD Drivers/STM32H7xx_HAL_Driver/Src/stm32h7xx_hal_dma_ex.o
LOAD Drivers/STM32H7xx_HAL_Driver/Src/stm32h7xx_hal_eth.o
LOAD Drivers/STM32H7xx_HAL_Driver/Src/stm32h7xx_hal_eth_ex.o
LOAD Drivers/STM32H7xx_HAL_Driver/Src/stm32h7xx_hal_exti.o
LOAD Drivers/STM32H7xx_HAL_Driver/Src/stm32h7xx_hal_flash.o
LOAD Drivers/STM32H7xx_HAL_Driver/Src/stm32h7xx_hal_flash_ex.o
LOAD Drivers/STM32H7xx_HAL_Driver/Src/stm32h7xx_hal_gpio.o
LOAD Drivers/STM32H7xx_HAL_Driver/Src/stm32h7xx_hal_hsem.o
LOAD Drivers/STM32H7xx_HAL_Driver/Src/stm32h7xx_hal_i2c.o
LOAD Drivers/STM32H7xx_HAL_Driver/Src/stm32h7xx_hal_i2c_ex.o
LOAD Drivers/STM32H7xx_HAL_Driver/Src/stm32h7xx_hal_mdma.o
LOAD Drivers/STM32H7xx_HAL_Driver/Src/stm32h7xx_hal_pcd.o
LOAD Drivers/STM32H7xx_HAL_Driver/Src/stm32h7xx_hal_pcd_ex.o
LOAD Drivers/STM32H7xx_HAL_Driver/Src/stm32h7xx_hal_pwr.o
LOAD Drivers/STM32H7xx_HAL_Driver/Src/stm32h7xx_hal_pwr_ex.o
LOAD Drivers/STM32H7xx_HAL_Driver/Src/stm32h7xx_hal_rcc.o
LOAD Drivers/STM32H7xx_HAL_Driver/Src/stm32h7xx_hal_rcc_ex.o
LOAD Drivers/STM32H7xx_HAL_Driver/Src/stm32h7xx_hal_tim.o
LOAD Drivers/STM32H7xx_HAL_Driver/Src/stm32h7xx_hal_tim_ex.o
LOAD Drivers/STM32H7xx_HAL_Driver/Src/stm32h7xx_hal_uart.o
LOAD Drivers/STM32H7xx_HAL_Driver/Src/stm32h7xx_hal_uart_ex.o
LOAD Drivers/STM32H7xx_HAL_Driver/Src/stm32h7xx_ll_usb.o
LOAD D:\UCLA\Courses\EE 113D\Labs\Project_AEC\Core\libs\libarm_cortexM7lfdp_math.a
LOAD D:\UCLA\Courses\EE 113D\Labs\Project_AEC\Core\libs\libarm_cortexM7lfsp_math.a
START GROUP
LOAD d:/ucla/st/stm32cubeide_1.4.0/stm32cubeide/plugins/com.st.stm32cube.ide.mcu.externaltools.gnu-tools-for-stm32.7-2018-q2-update.win32_1.4.0.202007081208/tools/bin/../lib/gcc/arm-none-eabi/7.3.1/../../../../arm-none-eabi/lib/thumb/v7e-m/fpv5/hard\libc_nano.a
LOAD d:/ucla/st/stm32cubeide_1.4.0/stm32cubeide/plugins/com.st.stm32cube.ide.mcu.externaltools.gnu-tools-for-stm32.7-2018-q2-update.win32_1.4.0.202007081208/tools/bin/../lib/gcc/arm-none-eabi/7.3.1/../../../../arm-none-eabi/lib/thumb/v7e-m/fpv5/hard\libm.a
END GROUP
START GROUP
LOAD d:/ucla/st/stm32cubeide_1.4.0/stm32cubeide/plugins/com.st.stm32cube.ide.mcu.externaltools.gnu-tools-for-stm32.7-2018-q2-update.win32_1.4.0.202007081208/tools/bin/../lib/gcc/arm-none-eabi/7.3.1/thumb/v7e-m/fpv5/hard\libgcc.a
LOAD d:/ucla/st/stm32cubeide_1.4.0/stm32cubeide/plugins/com.st.stm32cube.ide.mcu.externaltools.gnu-tools-for-stm32.7-2018-q2-update.win32_1.4.0.202007081208/tools/bin/../lib/gcc/arm-none-eabi/7.3.1/../../../../arm-none-eabi/lib/thumb/v7e-m/fpv5/hard\libc_nano.a
END GROUP
START GROUP
LOAD d:/ucla/st/stm32cubeide_1.4.0/stm32cubeide/plugins/com.st.stm32cube.ide.mcu.externaltools.gnu-tools-for-stm32.7-2018-q2-update.win32_1.4.0.202007081208/tools/bin/../lib/gcc/arm-none-eabi/7.3.1/thumb/v7e-m/fpv5/hard\libgcc.a
LOAD d:/ucla/st/stm32cubeide_1.4.0/stm32cubeide/plugins/com.st.stm32cube.ide.mcu.externaltools.gnu-tools-for-stm32.7-2018-q2-update.win32_1.4.0.202007081208/tools/bin/../lib/gcc/arm-none-eabi/7.3.1/../../../../arm-none-eabi/lib/thumb/v7e-m/fpv5/hard\libc_nano.a
LOAD d:/ucla/st/stm32cubeide_1.4.0/stm32cubeide/plugins/com.st.stm32cube.ide.mcu.externaltools.gnu-tools-for-stm32.7-2018-q2-update.win32_1.4.0.202007081208/tools/bin/../lib/gcc/arm-none-eabi/7.3.1/../../../../arm-none-eabi/lib/thumb/v7e-m/fpv5/hard\libnosys.a
END GROUP
START GROUP
LOAD d:/ucla/st/stm32cubeide_1.4.0/stm32cubeide/plugins/com.st.stm32cube.ide.mcu.externaltools.gnu-tools-for-stm32.7-2018-q2-update.win32_1.4.0.202007081208/tools/bin/../lib/gcc/arm-none-eabi/7.3.1/thumb/v7e-m/fpv5/hard\libgcc.a
LOAD d:/ucla/st/stm32cubeide_1.4.0/stm32cubeide/plugins/com.st.stm32cube.ide.mcu.externaltools.gnu-tools-for-stm32.7-2018-q2-update.win32_1.4.0.202007081208/tools/bin/../lib/gcc/arm-none-eabi/7.3.1/../../../../arm-none-eabi/lib/thumb/v7e-m/fpv5/hard\libc_nano.a
LOAD d:/ucla/st/stm32cubeide_1.4.0/stm32cubeide/plugins/com.st.stm32cube.ide.mcu.externaltools.gnu-tools-for-stm32.7-2018-q2-update.win32_1.4.0.202007081208/tools/bin/../lib/gcc/arm-none-eabi/7.3.1/../../../../arm-none-eabi/lib/thumb/v7e-m/fpv5/hard\libnosys.a
END GROUP
LOAD d:/ucla/st/stm32cubeide_1.4.0/stm32cubeide/plugins/com.st.stm32cube.ide.mcu.externaltools.gnu-tools-for-stm32.7-2018-q2-update.win32_1.4.0.202007081208/tools/bin/../lib/gcc/arm-none-eabi/7.3.1/thumb/v7e-m/fpv5/hard/crtend.o
LOAD d:/ucla/st/stm32cubeide_1.4.0/stm32cubeide/plugins/com.st.stm32cube.ide.mcu.externaltools.gnu-tools-for-stm32.7-2018-q2-update.win32_1.4.0.202007081208/tools/bin/../lib/gcc/arm-none-eabi/7.3.1/thumb/v7e-m/fpv5/hard/crtn.o
                0x0000000024080000                _estack = (ORIGIN (RAM_D1) + LENGTH (RAM_D1))
                0x0000000000000200                _Min_Heap_Size = 0x200
                0x0000000000000400                _Min_Stack_Size = 0x400

.isr_vector     0x0000000008000000      0x298
                0x0000000008000000                . = ALIGN (0x4)
 *(.isr_vector)
 .isr_vector    0x0000000008000000      0x298 Core/Startup/startup_stm32h743zitx.o
                0x0000000008000000                g_pfnVectors
                0x0000000008000298                . = ALIGN (0x4)

.text           0x0000000008000298     0xc774
                0x0000000008000298                . = ALIGN (0x4)
 *(.text)
 .text          0x0000000008000298       0x40 d:/ucla/st/stm32cubeide_1.4.0/stm32cubeide/plugins/com.st.stm32cube.ide.mcu.externaltools.gnu-tools-for-stm32.7-2018-q2-update.win32_1.4.0.202007081208/tools/bin/../lib/gcc/arm-none-eabi/7.3.1/thumb/v7e-m/fpv5/hard/crtbegin.o
 .text          0x00000000080002d8       0x30 d:/ucla/st/stm32cubeide_1.4.0/stm32cubeide/plugins/com.st.stm32cube.ide.mcu.externaltools.gnu-tools-for-stm32.7-2018-q2-update.win32_1.4.0.202007081208/tools/bin/../lib/gcc/arm-none-eabi/7.3.1/thumb/v7e-m/fpv5/hard\libgcc.a(_aeabi_uldivmod.o)
                0x00000000080002d8                __aeabi_uldivmod
 .text          0x0000000008000308      0x2cc d:/ucla/st/stm32cubeide_1.4.0/stm32cubeide/plugins/com.st.stm32cube.ide.mcu.externaltools.gnu-tools-for-stm32.7-2018-q2-update.win32_1.4.0.202007081208/tools/bin/../lib/gcc/arm-none-eabi/7.3.1/thumb/v7e-m/fpv5/hard\libgcc.a(_udivmoddi4.o)
                0x0000000008000308                __udivmoddi4
 .text          0x00000000080005d4        0x4 d:/ucla/st/stm32cubeide_1.4.0/stm32cubeide/plugins/com.st.stm32cube.ide.mcu.externaltools.gnu-tools-for-stm32.7-2018-q2-update.win32_1.4.0.202007081208/tools/bin/../lib/gcc/arm-none-eabi/7.3.1/thumb/v7e-m/fpv5/hard\libgcc.a(_dvmd_tls.o)
                0x00000000080005d4                __aeabi_idiv0
                0x00000000080005d4                __aeabi_ldiv0
 *(.text*)
 .text.prewhiten_x
                0x00000000080005d8       0x74 Core/Src/aec.o
                0x00000000080005d8                prewhiten_x
 .text.bandpass
                0x000000000800064c       0xb0 Core/Src/aec.o
                0x000000000800064c                bandpass
 .text.dtd      0x00000000080006fc       0xa0 Core/Src/aec.o
                0x00000000080006fc                dtd
 .text.nlms     0x000000000800079c      0x19c Core/Src/aec.o
                0x000000000800079c                nlms
 .text.aec      0x0000000008000938      0x238 Core/Src/aec.o
                0x0000000008000938                aec
 .text.echo     0x0000000008000b70      0x164 Core/Src/echo.o
                0x0000000008000b70                echo
 .text.setSeed  0x0000000008000cd4       0x18 Core/Src/echo.o
                0x0000000008000cd4                setSeed
 .text.randFloat
                0x0000000008000cec       0x50 Core/Src/echo.o
                0x0000000008000cec                randFloat
 .text.delay_us
                0x0000000008000d3c       0x30 Core/Src/main.o
                0x0000000008000d3c                delay_us
 .text.playback
                0x0000000008000d6c       0x44 Core/Src/main.o
                0x0000000008000d6c                playback
 .text.main     0x0000000008000db0      0x46c Core/Src/main.o
                0x0000000008000db0                main
 .text.SystemClock_Config
                0x000000000800121c      0x1d4 Core/Src/main.o
                0x000000000800121c                SystemClock_Config
 .text.MX_ADC1_Init
                0x00000000080013f0       0xf0 Core/Src/main.o
 .text.MX_DAC1_Init
                0x00000000080014e0       0x64 Core/Src/main.o
 .text.MX_ETH_Init
                0x0000000008001544       0xa4 Core/Src/main.o
 .text.MX_TIM1_Init
                0x00000000080015e8       0xa8 Core/Src/main.o
 .text.MX_TIM2_Init
                0x0000000008001690       0x9c Core/Src/main.o
 .text.MX_USART3_UART_Init
                0x000000000800172c       0x98 Core/Src/main.o
 .text.MX_USB_OTG_FS_PCD_Init
                0x00000000080017c4       0x64 Core/Src/main.o
 .text.MX_DMA_Init
                0x0000000008001828       0x50 Core/Src/main.o
 .text.MX_GPIO_Init
                0x0000000008001878      0x23c Core/Src/main.o
 .text.HAL_GPIO_EXTI_Callback
                0x0000000008001ab4       0x44 Core/Src/main.o
                0x0000000008001ab4                HAL_GPIO_EXTI_Callback
 .text.HAL_ADC_ConvCpltCallback
                0x0000000008001af8       0x30 Core/Src/main.o
                0x0000000008001af8                HAL_ADC_ConvCpltCallback
 .text.HAL_DAC_ConvCpltCallbackCh1
                0x0000000008001b28       0x20 Core/Src/main.o
                0x0000000008001b28                HAL_DAC_ConvCpltCallbackCh1
 .text.Error_Handler
                0x0000000008001b48       0x18 Core/Src/main.o
                0x0000000008001b48                Error_Handler
 .text.HAL_MspInit
                0x0000000008001b60       0x34 Core/Src/stm32h7xx_hal_msp.o
                0x0000000008001b60                HAL_MspInit
 .text.HAL_ADC_MspInit
                0x0000000008001b94       0xf0 Core/Src/stm32h7xx_hal_msp.o
                0x0000000008001b94                HAL_ADC_MspInit
 .text.HAL_DAC_MspInit
                0x0000000008001c84       0xf0 Core/Src/stm32h7xx_hal_msp.o
                0x0000000008001c84                HAL_DAC_MspInit
 .text.HAL_ETH_MspInit
                0x0000000008001d74      0x19c Core/Src/stm32h7xx_hal_msp.o
                0x0000000008001d74                HAL_ETH_MspInit
 .text.HAL_TIM_Base_MspInit
                0x0000000008001f10       0x70 Core/Src/stm32h7xx_hal_msp.o
                0x0000000008001f10                HAL_TIM_Base_MspInit
 .text.HAL_UART_MspInit
                0x0000000008001f80       0x94 Core/Src/stm32h7xx_hal_msp.o
                0x0000000008001f80                HAL_UART_MspInit
 .text.HAL_PCD_MspInit
                0x0000000008002014       0xb0 Core/Src/stm32h7xx_hal_msp.o
                0x0000000008002014                HAL_PCD_MspInit
 .text.NMI_Handler
                0x00000000080020c4        0xe Core/Src/stm32h7xx_it.o
                0x00000000080020c4                NMI_Handler
 .text.HardFault_Handler
                0x00000000080020d2        0x6 Core/Src/stm32h7xx_it.o
                0x00000000080020d2                HardFault_Handler
 .text.MemManage_Handler
                0x00000000080020d8        0x6 Core/Src/stm32h7xx_it.o
                0x00000000080020d8                MemManage_Handler
 .text.BusFault_Handler
                0x00000000080020de        0x6 Core/Src/stm32h7xx_it.o
                0x00000000080020de                BusFault_Handler
 .text.UsageFault_Handler
                0x00000000080020e4        0x6 Core/Src/stm32h7xx_it.o
                0x00000000080020e4                UsageFault_Handler
 .text.SVC_Handler
                0x00000000080020ea        0xe Core/Src/stm32h7xx_it.o
                0x00000000080020ea                SVC_Handler
 .text.DebugMon_Handler
                0x00000000080020f8        0xe Core/Src/stm32h7xx_it.o
                0x00000000080020f8                DebugMon_Handler
 .text.PendSV_Handler
                0x0000000008002106        0xe Core/Src/stm32h7xx_it.o
                0x0000000008002106                PendSV_Handler
 .text.SysTick_Handler
                0x0000000008002114        0xc Core/Src/stm32h7xx_it.o
                0x0000000008002114                SysTick_Handler
 .text.DMA1_Stream0_IRQHandler
                0x0000000008002120       0x14 Core/Src/stm32h7xx_it.o
                0x0000000008002120                DMA1_Stream0_IRQHandler
 .text.DMA1_Stream1_IRQHandler
                0x0000000008002134       0x14 Core/Src/stm32h7xx_it.o
                0x0000000008002134                DMA1_Stream1_IRQHandler
 .text.EXTI9_5_IRQHandler
                0x0000000008002148       0x1a Core/Src/stm32h7xx_it.o
                0x0000000008002148                EXTI9_5_IRQHandler
 *fill*         0x0000000008002162        0x2 
 .text._sbrk    0x0000000008002164       0x6c Core/Src/sysmem.o
                0x0000000008002164                _sbrk
 .text.SystemInit
                0x00000000080021d0      0x118 Core/Src/system_stm32h7xx.o
                0x00000000080021d0                SystemInit
 .text.Reset_Handler
                0x00000000080022e8       0x50 Core/Startup/startup_stm32h743zitx.o
                0x00000000080022e8                Reset_Handler
 .text.Default_Handler
                0x0000000008002338        0x2 Core/Startup/startup_stm32h743zitx.o
                0x0000000008002338                RTC_Alarm_IRQHandler
                0x0000000008002338                EXTI2_IRQHandler
                0x0000000008002338                TIM8_CC_IRQHandler
                0x0000000008002338                HRTIM1_Master_IRQHandler
                0x0000000008002338                UART8_IRQHandler
                0x0000000008002338                SPI4_IRQHandler
                0x0000000008002338                TIM1_CC_IRQHandler
                0x0000000008002338                BDMA_Channel6_IRQHandler
                0x0000000008002338                DMA2_Stream5_IRQHandler
                0x0000000008002338                HRTIM1_FLT_IRQHandler
                0x0000000008002338                JPEG_IRQHandler
                0x0000000008002338                DMA1_Stream5_IRQHandler
                0x0000000008002338                BDMA_Channel1_IRQHandler
                0x0000000008002338                HRTIM1_TIMD_IRQHandler
                0x0000000008002338                TAMP_STAMP_IRQHandler
                0x0000000008002338                EXTI3_IRQHandler
                0x0000000008002338                LPTIM4_IRQHandler
                0x0000000008002338                TIM8_TRG_COM_TIM14_IRQHandler
                0x0000000008002338                LPTIM2_IRQHandler
                0x0000000008002338                DFSDM1_FLT1_IRQHandler
                0x0000000008002338                DMAMUX2_OVR_IRQHandler
                0x0000000008002338                TIM8_UP_TIM13_IRQHandler
                0x0000000008002338                I2C3_ER_IRQHandler
                0x0000000008002338                DFSDM1_FLT2_IRQHandler
                0x0000000008002338                MDMA_IRQHandler
                0x0000000008002338                LPTIM3_IRQHandler
                0x0000000008002338                HSEM1_IRQHandler
                0x0000000008002338                EXTI0_IRQHandler
                0x0000000008002338                I2C2_EV_IRQHandler
                0x0000000008002338                DMA1_Stream2_IRQHandler
                0x0000000008002338                FPU_IRQHandler
                0x0000000008002338                OTG_HS_WKUP_IRQHandler
                0x0000000008002338                FDCAN1_IT1_IRQHandler
                0x0000000008002338                LTDC_ER_IRQHandler
                0x0000000008002338                DMA2_Stream2_IRQHandler
                0x0000000008002338                HRTIM1_TIME_IRQHandler
                0x0000000008002338                SPI1_IRQHandler
                0x0000000008002338                TIM6_DAC_IRQHandler
                0x0000000008002338                DCMI_IRQHandler
                0x0000000008002338                HRTIM1_TIMC_IRQHandler
                0x0000000008002338                DMA2_Stream3_IRQHandler
                0x0000000008002338                SAI2_IRQHandler
                0x0000000008002338                DFSDM1_FLT3_IRQHandler
                0x0000000008002338                USART6_IRQHandler
                0x0000000008002338                TIM17_IRQHandler
                0x0000000008002338                USART3_IRQHandler
                0x0000000008002338                BDMA_Channel7_IRQHandler
                0x0000000008002338                LPTIM5_IRQHandler
                0x0000000008002338                UART5_IRQHandler
                0x0000000008002338                ADC3_IRQHandler
                0x0000000008002338                DMA2_Stream0_IRQHandler
                0x0000000008002338                TIM4_IRQHandler
                0x0000000008002338                BDMA_Channel2_IRQHandler
                0x0000000008002338                QUADSPI_IRQHandler
                0x0000000008002338                I2C1_EV_IRQHandler
                0x0000000008002338                DMA1_Stream6_IRQHandler
                0x0000000008002338                DMAMUX1_OVR_IRQHandler
                0x0000000008002338                TIM16_IRQHandler
                0x0000000008002338                UART4_IRQHandler
                0x0000000008002338                BDMA_Channel5_IRQHandler
                0x0000000008002338                TIM3_IRQHandler
                0x0000000008002338                RCC_IRQHandler
                0x0000000008002338                TIM8_BRK_TIM12_IRQHandler
                0x0000000008002338                TIM1_TRG_COM_IRQHandler
                0x0000000008002338                Default_Handler
                0x0000000008002338                ECC_IRQHandler
                0x0000000008002338                CEC_IRQHandler
                0x0000000008002338                EXTI15_10_IRQHandler
                0x0000000008002338                BDMA_Channel0_IRQHandler
                0x0000000008002338                ADC_IRQHandler
                0x0000000008002338                DMA1_Stream7_IRQHandler
                0x0000000008002338                HRTIM1_TIMA_IRQHandler
                0x0000000008002338                SPI5_IRQHandler
                0x0000000008002338                TIM7_IRQHandler
                0x0000000008002338                SDMMC1_IRQHandler
                0x0000000008002338                TIM5_IRQHandler
                0x0000000008002338                DMA2_Stream7_IRQHandler
                0x0000000008002338                TIM15_IRQHandler
                0x0000000008002338                PVD_AVD_IRQHandler
                0x0000000008002338                I2C3_EV_IRQHandler
                0x0000000008002338                RTC_WKUP_IRQHandler
                0x0000000008002338                LTDC_IRQHandler
                0x0000000008002338                SAI3_IRQHandler
                0x0000000008002338                ETH_WKUP_IRQHandler
                0x0000000008002338                SPDIF_RX_IRQHandler
                0x0000000008002338                SPI2_IRQHandler
                0x0000000008002338                OTG_HS_EP1_IN_IRQHandler
                0x0000000008002338                CRS_IRQHandler
                0x0000000008002338                EXTI4_IRQHandler
                0x0000000008002338                RNG_IRQHandler
                0x0000000008002338                HRTIM1_TIMB_IRQHandler
                0x0000000008002338                FDCAN2_IT1_IRQHandler
                0x0000000008002338                ETH_IRQHandler
                0x0000000008002338                TIM1_UP_IRQHandler
                0x0000000008002338                BDMA_Channel4_IRQHandler
                0x0000000008002338                OTG_HS_EP1_OUT_IRQHandler
                0x0000000008002338                WWDG_IRQHandler
                0x0000000008002338                SPI6_IRQHandler
                0x0000000008002338                MDIOS_IRQHandler
                0x0000000008002338                I2C4_EV_IRQHandler
                0x0000000008002338                FDCAN2_IT0_IRQHandler
                0x0000000008002338                LPUART1_IRQHandler
                0x0000000008002338                FDCAN1_IT0_IRQHandler
                0x0000000008002338                TIM2_IRQHandler
                0x0000000008002338                OTG_FS_WKUP_IRQHandler
                0x0000000008002338                OTG_HS_IRQHandler
                0x0000000008002338                DMA2D_IRQHandler
                0x0000000008002338                TIM1_BRK_IRQHandler
                0x0000000008002338                EXTI1_IRQHandler
                0x0000000008002338                SDMMC2_IRQHandler
                0x0000000008002338                OTG_FS_EP1_OUT_IRQHandler
                0x0000000008002338                BDMA_Channel3_IRQHandler
                0x0000000008002338                UART7_IRQHandler
                0x0000000008002338                MDIOS_WKUP_IRQHandler
                0x0000000008002338                USART2_IRQHandler
                0x0000000008002338                DFSDM1_FLT0_IRQHandler
                0x0000000008002338                SAI4_IRQHandler
                0x0000000008002338                I2C2_ER_IRQHandler
                0x0000000008002338                DMA2_Stream1_IRQHandler
                0x0000000008002338                FLASH_IRQHandler
                0x0000000008002338                DMA2_Stream4_IRQHandler
                0x0000000008002338                USART1_IRQHandler
                0x0000000008002338                OTG_FS_IRQHandler
                0x0000000008002338                SPI3_IRQHandler
                0x0000000008002338                WAKEUP_PIN_IRQHandler
                0x0000000008002338                DMA1_Stream4_IRQHandler
                0x0000000008002338                OTG_FS_EP1_IN_IRQHandler
                0x0000000008002338                I2C1_ER_IRQHandler
                0x0000000008002338                FMC_IRQHandler
                0x0000000008002338                FDCAN_CAL_IRQHandler
                0x0000000008002338                SWPMI1_IRQHandler
                0x0000000008002338                COMP1_IRQHandler
                0x0000000008002338                LPTIM1_IRQHandler
                0x0000000008002338                I2C4_ER_IRQHandler
                0x0000000008002338                DMA2_Stream6_IRQHandler
                0x0000000008002338                SAI1_IRQHandler
                0x0000000008002338                DMA1_Stream3_IRQHandler
 *fill*         0x000000000800233a        0x2 
 .text.HAL_Init
                0x000000000800233c       0x78 Drivers/STM32H7xx_HAL_Driver/Src/stm32h7xx_hal.o
                0x000000000800233c                HAL_Init
 .text.HAL_InitTick
                0x00000000080023b4       0x6c Drivers/STM32H7xx_HAL_Driver/Src/stm32h7xx_hal.o
                0x00000000080023b4                HAL_InitTick
 .text.HAL_IncTick
                0x0000000008002420       0x28 Drivers/STM32H7xx_HAL_Driver/Src/stm32h7xx_hal.o
                0x0000000008002420                HAL_IncTick
 .text.HAL_GetTick
                0x0000000008002448       0x18 Drivers/STM32H7xx_HAL_Driver/Src/stm32h7xx_hal.o
                0x0000000008002448                HAL_GetTick
 .text.HAL_Delay
                0x0000000008002460       0x44 Drivers/STM32H7xx_HAL_Driver/Src/stm32h7xx_hal.o
                0x0000000008002460                HAL_Delay
 .text.HAL_GetREVID
                0x00000000080024a4       0x18 Drivers/STM32H7xx_HAL_Driver/Src/stm32h7xx_hal.o
                0x00000000080024a4                HAL_GetREVID
 .text.HAL_SYSCFG_ETHInterfaceSelect
                0x00000000080024bc       0x28 Drivers/STM32H7xx_HAL_Driver/Src/stm32h7xx_hal.o
                0x00000000080024bc                HAL_SYSCFG_ETHInterfaceSelect
 .text.LL_ADC_SetCommonClock
                0x00000000080024e4       0x26 Drivers/STM32H7xx_HAL_Driver/Src/stm32h7xx_hal_adc.o
 .text.LL_ADC_SetCommonPathInternalCh
                0x000000000800250a       0x26 Drivers/STM32H7xx_HAL_Driver/Src/stm32h7xx_hal_adc.o
 .text.LL_ADC_GetCommonPathInternalCh
                0x0000000008002530       0x1c Drivers/STM32H7xx_HAL_Driver/Src/stm32h7xx_hal_adc.o
 .text.LL_ADC_SetOffset
                0x000000000800254c       0x40 Drivers/STM32H7xx_HAL_Driver/Src/stm32h7xx_hal_adc.o
 .text.LL_ADC_SetDataRightShift
                0x000000000800258c       0x32 Drivers/STM32H7xx_HAL_Driver/Src/stm32h7xx_hal_adc.o
 .text.LL_ADC_SetOffsetSignedSaturation
                0x00000000080025be       0x36 Drivers/STM32H7xx_HAL_Driver/Src/stm32h7xx_hal_adc.o
 .text.LL_ADC_REG_IsTriggerSourceSWStart
                0x00000000080025f4       0x26 Drivers/STM32H7xx_HAL_Driver/Src/stm32h7xx_hal_adc.o
 .text.LL_ADC_REG_SetSequencerRanks
                0x000000000800261a       0x58 Drivers/STM32H7xx_HAL_Driver/Src/stm32h7xx_hal_adc.o
 .text.LL_ADC_REG_SetDataTransferMode
                0x0000000008002672       0x26 Drivers/STM32H7xx_HAL_Driver/Src/stm32h7xx_hal_adc.o
 .text.LL_ADC_SetChannelSamplingTime
                0x0000000008002698       0x56 Drivers/STM32H7xx_HAL_Driver/Src/stm32h7xx_hal_adc.o
 *fill*         0x00000000080026ee        0x2 
 .text.LL_ADC_SetChannelSingleDiff
                0x00000000080026f0       0x48 Drivers/STM32H7xx_HAL_Driver/Src/stm32h7xx_hal_adc.o
 .text.LL_ADC_GetMultimode
                0x0000000008002738       0x1c Drivers/STM32H7xx_HAL_Driver/Src/stm32h7xx_hal_adc.o
 .text.LL_ADC_DisableDeepPowerDown
                0x0000000008002754       0x24 Drivers/STM32H7xx_HAL_Driver/Src/stm32h7xx_hal_adc.o
 .text.LL_ADC_IsDeepPowerDownEnabled
                0x0000000008002778       0x28 Drivers/STM32H7xx_HAL_Driver/Src/stm32h7xx_hal_adc.o
 .text.LL_ADC_EnableInternalRegulator
                0x00000000080027a0       0x28 Drivers/STM32H7xx_HAL_Driver/Src/stm32h7xx_hal_adc.o
 .text.LL_ADC_IsInternalRegulatorEnabled
                0x00000000080027c8       0x28 Drivers/STM32H7xx_HAL_Driver/Src/stm32h7xx_hal_adc.o
 .text.LL_ADC_Enable
                0x00000000080027f0       0x28 Drivers/STM32H7xx_HAL_Driver/Src/stm32h7xx_hal_adc.o
 .text.LL_ADC_Disable
                0x0000000008002818       0x28 Drivers/STM32H7xx_HAL_Driver/Src/stm32h7xx_hal_adc.o
 .text.LL_ADC_IsEnabled
                0x0000000008002840       0x26 Drivers/STM32H7xx_HAL_Driver/Src/stm32h7xx_hal_adc.o
 .text.LL_ADC_IsDisableOngoing
                0x0000000008002866       0x26 Drivers/STM32H7xx_HAL_Driver/Src/stm32h7xx_hal_adc.o
 .text.LL_ADC_REG_StartConversion
                0x000000000800288c       0x28 Drivers/STM32H7xx_HAL_Driver/Src/stm32h7xx_hal_adc.o
 .text.LL_ADC_REG_StopConversion
                0x00000000080028b4       0x28 Drivers/STM32H7xx_HAL_Driver/Src/stm32h7xx_hal_adc.o
 .text.LL_ADC_REG_IsConversionOngoing
                0x00000000080028dc       0x26 Drivers/STM32H7xx_HAL_Driver/Src/stm32h7xx_hal_adc.o
 *fill*         0x0000000008002902        0x2 
 .text.LL_ADC_INJ_StopConversion
                0x0000000008002904       0x28 Drivers/STM32H7xx_HAL_Driver/Src/stm32h7xx_hal_adc.o
 .text.LL_ADC_INJ_IsConversionOngoing
                0x000000000800292c       0x26 Drivers/STM32H7xx_HAL_Driver/Src/stm32h7xx_hal_adc.o
 *fill*         0x0000000008002952        0x2 
 .text.HAL_ADC_Init
                0x0000000008002954      0x340 Drivers/STM32H7xx_HAL_Driver/Src/stm32h7xx_hal_adc.o
                0x0000000008002954                HAL_ADC_Init
 .text.HAL_ADC_Start_DMA
                0x0000000008002c94      0x188 Drivers/STM32H7xx_HAL_Driver/Src/stm32h7xx_hal_adc.o
                0x0000000008002c94                HAL_ADC_Start_DMA
 .text.HAL_ADC_Stop_DMA
                0x0000000008002e1c       0xc4 Drivers/STM32H7xx_HAL_Driver/Src/stm32h7xx_hal_adc.o
                0x0000000008002e1c                HAL_ADC_Stop_DMA
 .text.HAL_ADC_ConvHalfCpltCallback
                0x0000000008002ee0       0x14 Drivers/STM32H7xx_HAL_Driver/Src/stm32h7xx_hal_adc.o
                0x0000000008002ee0                HAL_ADC_ConvHalfCpltCallback
 .text.HAL_ADC_ErrorCallback
                0x0000000008002ef4       0x14 Drivers/STM32H7xx_HAL_Driver/Src/stm32h7xx_hal_adc.o
                0x0000000008002ef4                HAL_ADC_ErrorCallback
 .text.HAL_ADC_ConfigChannel
                0x0000000008002f08      0x628 Drivers/STM32H7xx_HAL_Driver/Src/stm32h7xx_hal_adc.o
                0x0000000008002f08                HAL_ADC_ConfigChannel
 .text.ADC_ConversionStop
                0x0000000008003530      0x168 Drivers/STM32H7xx_HAL_Driver/Src/stm32h7xx_hal_adc.o
                0x0000000008003530                ADC_ConversionStop
 .text.ADC_Enable
                0x0000000008003698      0x108 Drivers/STM32H7xx_HAL_Driver/Src/stm32h7xx_hal_adc.o
                0x0000000008003698                ADC_Enable
 .text.ADC_Disable
                0x00000000080037a0       0xb0 Drivers/STM32H7xx_HAL_Driver/Src/stm32h7xx_hal_adc.o
                0x00000000080037a0                ADC_Disable
 .text.ADC_DMAConvCplt
                0x0000000008003850       0xd8 Drivers/STM32H7xx_HAL_Driver/Src/stm32h7xx_hal_adc.o
                0x0000000008003850                ADC_DMAConvCplt
 .text.ADC_DMAHalfConvCplt
                0x0000000008003928       0x1c Drivers/STM32H7xx_HAL_Driver/Src/stm32h7xx_hal_adc.o
                0x0000000008003928                ADC_DMAHalfConvCplt
 .text.ADC_DMAError
                0x0000000008003944       0x34 Drivers/STM32H7xx_HAL_Driver/Src/stm32h7xx_hal_adc.o
                0x0000000008003944                ADC_DMAError
 .text.ADC_ConfigureBoostMode
                0x0000000008003978      0x1f0 Drivers/STM32H7xx_HAL_Driver/Src/stm32h7xx_hal_adc.o
                0x0000000008003978                ADC_ConfigureBoostMode
 .text.LL_ADC_IsEnabled
                0x0000000008003b68       0x26 Drivers/STM32H7xx_HAL_Driver/Src/stm32h7xx_hal_adc_ex.o
 *fill*         0x0000000008003b8e        0x2 
 .text.LL_ADC_StartCalibration
                0x0000000008003b90       0x3c Drivers/STM32H7xx_HAL_Driver/Src/stm32h7xx_hal_adc_ex.o
 .text.LL_ADC_IsCalibrationOnGoing
                0x0000000008003bcc       0x28 Drivers/STM32H7xx_HAL_Driver/Src/stm32h7xx_hal_adc_ex.o
 .text.LL_ADC_REG_IsConversionOngoing
                0x0000000008003bf4       0x26 Drivers/STM32H7xx_HAL_Driver/Src/stm32h7xx_hal_adc_ex.o
 *fill*         0x0000000008003c1a        0x2 
 .text.HAL_ADCEx_Calibration_Start
                0x0000000008003c1c       0xc8 Drivers/STM32H7xx_HAL_Driver/Src/stm32h7xx_hal_adc_ex.o
                0x0000000008003c1c                HAL_ADCEx_Calibration_Start
 .text.HAL_ADCEx_MultiModeConfigChannel
                0x0000000008003ce4      0x1b4 Drivers/STM32H7xx_HAL_Driver/Src/stm32h7xx_hal_adc_ex.o
                0x0000000008003ce4                HAL_ADCEx_MultiModeConfigChannel
 .text.__NVIC_SetPriorityGrouping
                0x0000000008003e98       0x48 Drivers/STM32H7xx_HAL_Driver/Src/stm32h7xx_hal_cortex.o
 .text.__NVIC_GetPriorityGrouping
                0x0000000008003ee0       0x1c Drivers/STM32H7xx_HAL_Driver/Src/stm32h7xx_hal_cortex.o
 .text.__NVIC_EnableIRQ
                0x0000000008003efc       0x3c Drivers/STM32H7xx_HAL_Driver/Src/stm32h7xx_hal_cortex.o
 .text.__NVIC_SetPriority
                0x0000000008003f38       0x54 Drivers/STM32H7xx_HAL_Driver/Src/stm32h7xx_hal_cortex.o
 .text.NVIC_EncodePriority
                0x0000000008003f8c       0x66 Drivers/STM32H7xx_HAL_Driver/Src/stm32h7xx_hal_cortex.o
 *fill*         0x0000000008003ff2        0x2 
 .text.SysTick_Config
                0x0000000008003ff4       0x44 Drivers/STM32H7xx_HAL_Driver/Src/stm32h7xx_hal_cortex.o
 .text.HAL_NVIC_SetPriorityGrouping
                0x0000000008004038       0x16 Drivers/STM32H7xx_HAL_Driver/Src/stm32h7xx_hal_cortex.o
                0x0000000008004038                HAL_NVIC_SetPriorityGrouping
 .text.HAL_NVIC_SetPriority
                0x000000000800404e       0x34 Drivers/STM32H7xx_HAL_Driver/Src/stm32h7xx_hal_cortex.o
                0x000000000800404e                HAL_NVIC_SetPriority
 .text.HAL_NVIC_EnableIRQ
                0x0000000008004082       0x1c Drivers/STM32H7xx_HAL_Driver/Src/stm32h7xx_hal_cortex.o
                0x0000000008004082                HAL_NVIC_EnableIRQ
 .text.HAL_SYSTICK_Config
                0x000000000800409e       0x18 Drivers/STM32H7xx_HAL_Driver/Src/stm32h7xx_hal_cortex.o
                0x000000000800409e                HAL_SYSTICK_Config
 .text.HAL_DAC_Init
                0x00000000080040b6       0x44 Drivers/STM32H7xx_HAL_Driver/Src/stm32h7xx_hal_dac.o
                0x00000000080040b6                HAL_DAC_Init
 *fill*         0x00000000080040fa        0x2 
 .text.HAL_DAC_Start_DMA
                0x00000000080040fc      0x17c Drivers/STM32H7xx_HAL_Driver/Src/stm32h7xx_hal_dac.o
                0x00000000080040fc                HAL_DAC_Start_DMA
 .text.HAL_DAC_ConvHalfCpltCallbackCh1
                0x0000000008004278       0x14 Drivers/STM32H7xx_HAL_Driver/Src/stm32h7xx_hal_dac.o
                0x0000000008004278                HAL_DAC_ConvHalfCpltCallbackCh1
 .text.HAL_DAC_ErrorCallbackCh1
                0x000000000800428c       0x14 Drivers/STM32H7xx_HAL_Driver/Src/stm32h7xx_hal_dac.o
                0x000000000800428c                HAL_DAC_ErrorCallbackCh1
 .text.HAL_DAC_ConfigChannel
                0x00000000080042a0      0x260 Drivers/STM32H7xx_HAL_Driver/Src/stm32h7xx_hal_dac.o
                0x00000000080042a0                HAL_DAC_ConfigChannel
 .text.DAC_DMAConvCpltCh1
                0x0000000008004500       0x22 Drivers/STM32H7xx_HAL_Driver/Src/stm32h7xx_hal_dac.o
                0x0000000008004500                DAC_DMAConvCpltCh1
 .text.DAC_DMAHalfConvCpltCh1
                0x0000000008004522       0x1c Drivers/STM32H7xx_HAL_Driver/Src/stm32h7xx_hal_dac.o
                0x0000000008004522                DAC_DMAHalfConvCpltCh1
 .text.DAC_DMAErrorCh1
                0x000000000800453e       0x2e Drivers/STM32H7xx_HAL_Driver/Src/stm32h7xx_hal_dac.o
                0x000000000800453e                DAC_DMAErrorCh1
 .text.HAL_DACEx_ConvCpltCallbackCh2
                0x000000000800456c       0x14 Drivers/STM32H7xx_HAL_Driver/Src/stm32h7xx_hal_dac_ex.o
                0x000000000800456c                HAL_DACEx_ConvCpltCallbackCh2
 .text.HAL_DACEx_ConvHalfCpltCallbackCh2
                0x0000000008004580       0x14 Drivers/STM32H7xx_HAL_Driver/Src/stm32h7xx_hal_dac_ex.o
                0x0000000008004580                HAL_DACEx_ConvHalfCpltCallbackCh2
 .text.HAL_DACEx_ErrorCallbackCh2
                0x0000000008004594       0x14 Drivers/STM32H7xx_HAL_Driver/Src/stm32h7xx_hal_dac_ex.o
                0x0000000008004594                HAL_DACEx_ErrorCallbackCh2
 .text.DAC_DMAConvCpltCh2
                0x00000000080045a8       0x22 Drivers/STM32H7xx_HAL_Driver/Src/stm32h7xx_hal_dac_ex.o
                0x00000000080045a8                DAC_DMAConvCpltCh2
 .text.DAC_DMAHalfConvCpltCh2
                0x00000000080045ca       0x1c Drivers/STM32H7xx_HAL_Driver/Src/stm32h7xx_hal_dac_ex.o
                0x00000000080045ca                DAC_DMAHalfConvCpltCh2
 .text.DAC_DMAErrorCh2
                0x00000000080045e6       0x2e Drivers/STM32H7xx_HAL_Driver/Src/stm32h7xx_hal_dac_ex.o
                0x00000000080045e6                DAC_DMAErrorCh2
 .text.HAL_DMA_Init
                0x0000000008004614      0x6b8 Drivers/STM32H7xx_HAL_Driver/Src/stm32h7xx_hal_dma.o
                0x0000000008004614                HAL_DMA_Init
 .text.HAL_DMA_Start_IT
                0x0000000008004ccc      0x4d4 Drivers/STM32H7xx_HAL_Driver/Src/stm32h7xx_hal_dma.o
                0x0000000008004ccc                HAL_DMA_Start_IT
 .text.HAL_DMA_Abort
                0x00000000080051a0      0x63c Drivers/STM32H7xx_HAL_Driver/Src/stm32h7xx_hal_dma.o
                0x00000000080051a0                HAL_DMA_Abort
 .text.HAL_DMA_IRQHandler
                0x00000000080057dc      0xe54 Drivers/STM32H7xx_HAL_Driver/Src/stm32h7xx_hal_dma.o
                0x00000000080057dc                HAL_DMA_IRQHandler
 .text.DMA_SetConfig
                0x0000000008006630      0x358 Drivers/STM32H7xx_HAL_Driver/Src/stm32h7xx_hal_dma.o
 .text.DMA_CalcBaseAndBitshift
                0x0000000008006988      0x164 Drivers/STM32H7xx_HAL_Driver/Src/stm32h7xx_hal_dma.o
 .text.DMA_CheckFifoParam
                0x0000000008006aec       0xf8 Drivers/STM32H7xx_HAL_Driver/Src/stm32h7xx_hal_dma.o
 .text.DMA_CalcDMAMUXChannelBaseAndMask
                0x0000000008006be4      0x134 Drivers/STM32H7xx_HAL_Driver/Src/stm32h7xx_hal_dma.o
 .text.DMA_CalcDMAMUXRequestGenBaseAndMask
                0x0000000008006d18       0xe8 Drivers/STM32H7xx_HAL_Driver/Src/stm32h7xx_hal_dma.o
 .text.HAL_ETH_Init
                0x0000000008006e00      0x1b4 Drivers/STM32H7xx_HAL_Driver/Src/stm32h7xx_hal_eth.o
                0x0000000008006e00                HAL_ETH_Init
 .text.ETH_SetMACConfig
                0x0000000008006fb4      0x238 Drivers/STM32H7xx_HAL_Driver/Src/stm32h7xx_hal_eth.o
 .text.ETH_SetDMAConfig
                0x00000000080071ec      0x10c Drivers/STM32H7xx_HAL_Driver/Src/stm32h7xx_hal_eth.o
 .text.ETH_MACDMAConfig
                0x00000000080072f8      0x13a Drivers/STM32H7xx_HAL_Driver/Src/stm32h7xx_hal_eth.o
 *fill*         0x0000000008007432        0x2 
 .text.ETH_MAC_MDIO_ClkConfig
                0x0000000008007434       0xb0 Drivers/STM32H7xx_HAL_Driver/Src/stm32h7xx_hal_eth.o
 .text.ETH_DMATxDescListInit
                0x00000000080074e4       0x8e Drivers/STM32H7xx_HAL_Driver/Src/stm32h7xx_hal_eth.o
 .text.ETH_DMARxDescListInit
                0x0000000008007572       0xba Drivers/STM32H7xx_HAL_Driver/Src/stm32h7xx_hal_eth.o
 .text.HAL_GPIO_Init
                0x000000000800762c      0x360 Drivers/STM32H7xx_HAL_Driver/Src/stm32h7xx_hal_gpio.o
                0x000000000800762c                HAL_GPIO_Init
 .text.HAL_GPIO_WritePin
                0x000000000800798c       0x32 Drivers/STM32H7xx_HAL_Driver/Src/stm32h7xx_hal_gpio.o
                0x000000000800798c                HAL_GPIO_WritePin
 .text.HAL_GPIO_EXTI_IRQHandler
                0x00000000080079be       0x34 Drivers/STM32H7xx_HAL_Driver/Src/stm32h7xx_hal_gpio.o
                0x00000000080079be                HAL_GPIO_EXTI_IRQHandler
 .text.HAL_PCD_Init
                0x00000000080079f2      0x248 Drivers/STM32H7xx_HAL_Driver/Src/stm32h7xx_hal_pcd.o
                0x00000000080079f2                HAL_PCD_Init
 *fill*         0x0000000008007c3a        0x2 
 .text.HAL_PCDEx_ActivateLPM
                0x0000000008007c3c       0x48 Drivers/STM32H7xx_HAL_Driver/Src/stm32h7xx_hal_pcd_ex.o
                0x0000000008007c3c                HAL_PCDEx_ActivateLPM
 .text.HAL_PWREx_ConfigSupply
                0x0000000008007c84       0x74 Drivers/STM32H7xx_HAL_Driver/Src/stm32h7xx_hal_pwr_ex.o
                0x0000000008007c84                HAL_PWREx_ConfigSupply
 .text.HAL_PWREx_EnableUSBVoltageDetector
                0x0000000008007cf8       0x20 Drivers/STM32H7xx_HAL_Driver/Src/stm32h7xx_hal_pwr_ex.o
                0x0000000008007cf8                HAL_PWREx_EnableUSBVoltageDetector
 .text.HAL_RCC_OscConfig
                0x0000000008007d18      0x820 Drivers/STM32H7xx_HAL_Driver/Src/stm32h7xx_hal_rcc.o
                0x0000000008007d18                HAL_RCC_OscConfig
 .text.HAL_RCC_ClockConfig
                0x0000000008008538      0x36c Drivers/STM32H7xx_HAL_Driver/Src/stm32h7xx_hal_rcc.o
                0x0000000008008538                HAL_RCC_ClockConfig
 .text.HAL_RCC_GetSysClockFreq
                0x00000000080088a4      0x2e4 Drivers/STM32H7xx_HAL_Driver/Src/stm32h7xx_hal_rcc.o
                0x00000000080088a4                HAL_RCC_GetSysClockFreq
 .text.HAL_RCC_GetHCLKFreq
                0x0000000008008b88       0x60 Drivers/STM32H7xx_HAL_Driver/Src/stm32h7xx_hal_rcc.o
                0x0000000008008b88                HAL_RCC_GetHCLKFreq
 .text.HAL_RCC_GetPCLK1Freq
                0x0000000008008be8       0x2c Drivers/STM32H7xx_HAL_Driver/Src/stm32h7xx_hal_rcc.o
                0x0000000008008be8                HAL_RCC_GetPCLK1Freq
 .text.HAL_RCC_GetPCLK2Freq
                0x0000000008008c14       0x2c Drivers/STM32H7xx_HAL_Driver/Src/stm32h7xx_hal_rcc.o
                0x0000000008008c14                HAL_RCC_GetPCLK2Freq
 .text.HAL_RCCEx_PeriphCLKConfig
                0x0000000008008c40      0xddc Drivers/STM32H7xx_HAL_Driver/Src/stm32h7xx_hal_rcc_ex.o
                0x0000000008008c40                HAL_RCCEx_PeriphCLKConfig
 .text.HAL_RCCEx_GetPeriphCLKFreq
                0x0000000008009a1c      0x4f0 Drivers/STM32H7xx_HAL_Driver/Src/stm32h7xx_hal_rcc_ex.o
                0x0000000008009a1c                HAL_RCCEx_GetPeriphCLKFreq
 .text.HAL_RCCEx_GetD3PCLK1Freq
                0x0000000008009f0c       0x2c Drivers/STM32H7xx_HAL_Driver/Src/stm32h7xx_hal_rcc_ex.o
                0x0000000008009f0c                HAL_RCCEx_GetD3PCLK1Freq
 .text.HAL_RCCEx_GetPLL2ClockFreq
                0x0000000008009f38      0x298 Drivers/STM32H7xx_HAL_Driver/Src/stm32h7xx_hal_rcc_ex.o
                0x0000000008009f38                HAL_RCCEx_GetPLL2ClockFreq
 .text.HAL_RCCEx_GetPLL3ClockFreq
                0x000000000800a1d0      0x298 Drivers/STM32H7xx_HAL_Driver/Src/stm32h7xx_hal_rcc_ex.o
                0x000000000800a1d0                HAL_RCCEx_GetPLL3ClockFreq
 .text.HAL_RCCEx_GetPLL1ClockFreq
                0x000000000800a468      0x298 Drivers/STM32H7xx_HAL_Driver/Src/stm32h7xx_hal_rcc_ex.o
                0x000000000800a468                HAL_RCCEx_GetPLL1ClockFreq
 .text.RCCEx_PLL2_Config
                0x000000000800a700      0x164 Drivers/STM32H7xx_HAL_Driver/Src/stm32h7xx_hal_rcc_ex.o
 .text.RCCEx_PLL3_Config
                0x000000000800a864      0x164 Drivers/STM32H7xx_HAL_Driver/Src/stm32h7xx_hal_rcc_ex.o
 .text.HAL_TIM_Base_Init
                0x000000000800a9c8       0xae Drivers/STM32H7xx_HAL_Driver/Src/stm32h7xx_hal_tim.o
                0x000000000800a9c8                HAL_TIM_Base_Init
 *fill*         0x000000000800aa76        0x2 
 .text.HAL_TIM_Base_Start
                0x000000000800aa78       0x5c Drivers/STM32H7xx_HAL_Driver/Src/stm32h7xx_hal_tim.o
                0x000000000800aa78                HAL_TIM_Base_Start
 .text.HAL_TIM_ConfigClockSource
                0x000000000800aad4      0x1a0 Drivers/STM32H7xx_HAL_Driver/Src/stm32h7xx_hal_tim.o
                0x000000000800aad4                HAL_TIM_ConfigClockSource
 .text.TIM_Base_SetConfig
                0x000000000800ac74      0x134 Drivers/STM32H7xx_HAL_Driver/Src/stm32h7xx_hal_tim.o
                0x000000000800ac74                TIM_Base_SetConfig
 .text.TIM_TI1_ConfigInputStage
                0x000000000800ada8       0x5e Drivers/STM32H7xx_HAL_Driver/Src/stm32h7xx_hal_tim.o
 .text.TIM_TI2_ConfigInputStage
                0x000000000800ae06       0x60 Drivers/STM32H7xx_HAL_Driver/Src/stm32h7xx_hal_tim.o
 *fill*         0x000000000800ae66        0x2 
 .text.TIM_ITRx_SetConfig
                0x000000000800ae68       0x3c Drivers/STM32H7xx_HAL_Driver/Src/stm32h7xx_hal_tim.o
 .text.TIM_ETR_SetConfig
                0x000000000800aea4       0x40 Drivers/STM32H7xx_HAL_Driver/Src/stm32h7xx_hal_tim.o
                0x000000000800aea4                TIM_ETR_SetConfig
 .text.HAL_TIMEx_MasterConfigSynchronization
                0x000000000800aee4      0x110 Drivers/STM32H7xx_HAL_Driver/Src/stm32h7xx_hal_tim_ex.o
                0x000000000800aee4                HAL_TIMEx_MasterConfigSynchronization
 .text.HAL_UART_Init
                0x000000000800aff4       0xa0 Drivers/STM32H7xx_HAL_Driver/Src/stm32h7xx_hal_uart.o
                0x000000000800aff4                HAL_UART_Init
 .text.UART_SetConfig
                0x000000000800b094      0xb60 Drivers/STM32H7xx_HAL_Driver/Src/stm32h7xx_hal_uart.o
                0x000000000800b094                UART_SetConfig
 .text.UART_AdvFeatureConfig
                0x000000000800bbf4      0x144 Drivers/STM32H7xx_HAL_Driver/Src/stm32h7xx_hal_uart.o
                0x000000000800bbf4                UART_AdvFeatureConfig
 .text.UART_CheckIdleState
                0x000000000800bd38       0x90 Drivers/STM32H7xx_HAL_Driver/Src/stm32h7xx_hal_uart.o
                0x000000000800bd38                UART_CheckIdleState
 .text.UART_WaitOnFlagUntilTimeout
                0x000000000800bdc8      0x100 Drivers/STM32H7xx_HAL_Driver/Src/stm32h7xx_hal_uart.o
                0x000000000800bdc8                UART_WaitOnFlagUntilTimeout
 .text.HAL_UARTEx_DisableFifoMode
                0x000000000800bec8       0x72 Drivers/STM32H7xx_HAL_Driver/Src/stm32h7xx_hal_uart_ex.o
                0x000000000800bec8                HAL_UARTEx_DisableFifoMode
 .text.HAL_UARTEx_SetTxFifoThreshold
                0x000000000800bf3a       0x7c Drivers/STM32H7xx_HAL_Driver/Src/stm32h7xx_hal_uart_ex.o
                0x000000000800bf3a                HAL_UARTEx_SetTxFifoThreshold
 .text.HAL_UARTEx_SetRxFifoThreshold
                0x000000000800bfb6       0x7c Drivers/STM32H7xx_HAL_Driver/Src/stm32h7xx_hal_uart_ex.o
                0x000000000800bfb6                HAL_UARTEx_SetRxFifoThreshold
 *fill*         0x000000000800c032        0x2 
 .text.UARTEx_SetNbDataToProcess
                0x000000000800c034       0xd0 Drivers/STM32H7xx_HAL_Driver/Src/stm32h7xx_hal_uart_ex.o
 .text.USB_CoreInit
                0x000000000800c104       0xc4 Drivers/STM32H7xx_HAL_Driver/Src/stm32h7xx_ll_usb.o
                0x000000000800c104                USB_CoreInit
 .text.USB_DisableGlobalInt
                0x000000000800c1c8       0x22 Drivers/STM32H7xx_HAL_Driver/Src/stm32h7xx_ll_usb.o
                0x000000000800c1c8                USB_DisableGlobalInt
 .text.USB_SetCurrentMode
                0x000000000800c1ea       0x54 Drivers/STM32H7xx_HAL_Driver/Src/stm32h7xx_ll_usb.o
                0x000000000800c1ea                USB_SetCurrentMode
 *fill*         0x000000000800c23e        0x2 
 .text.USB_DevInit
                0x000000000800c240      0x2bc Drivers/STM32H7xx_HAL_Driver/Src/stm32h7xx_ll_usb.o
                0x000000000800c240                USB_DevInit
 .text.USB_FlushTxFifo
                0x000000000800c4fc       0x4c Drivers/STM32H7xx_HAL_Driver/Src/stm32h7xx_ll_usb.o
                0x000000000800c4fc                USB_FlushTxFifo
 .text.USB_FlushRxFifo
                0x000000000800c548       0x44 Drivers/STM32H7xx_HAL_Driver/Src/stm32h7xx_ll_usb.o
                0x000000000800c548                USB_FlushRxFifo
 .text.USB_SetDevSpeed
                0x000000000800c58c       0x32 Drivers/STM32H7xx_HAL_Driver/Src/stm32h7xx_ll_usb.o
                0x000000000800c58c                USB_SetDevSpeed
 .text.USB_DevDisconnect
                0x000000000800c5be       0x30 Drivers/STM32H7xx_HAL_Driver/Src/stm32h7xx_ll_usb.o
                0x000000000800c5be                USB_DevDisconnect
 *fill*         0x000000000800c5ee        0x2 
 .text.USB_CoreReset
                0x000000000800c5f0       0x68 Drivers/STM32H7xx_HAL_Driver/Src/stm32h7xx_ll_usb.o
 .text.arm_max_no_idx_f32
                0x000000000800c658       0x28 D:\UCLA\Courses\EE 113D\Labs\Project_AEC\Core\libs\libarm_cortexM7lfdp_math.a(arm_max_no_idx_f32.o)
                0x000000000800c658                arm_max_no_idx_f32
 .text.arm_dot_prod_f32
                0x000000000800c680       0xb8 D:\UCLA\Courses\EE 113D\Labs\Project_AEC\Core\libs\libarm_cortexM7lfdp_math.a(arm_dot_prod_f32.o)
                0x000000000800c680                arm_dot_prod_f32
 .text.__errno  0x000000000800c738        0xc d:/ucla/st/stm32cubeide_1.4.0/stm32cubeide/plugins/com.st.stm32cube.ide.mcu.externaltools.gnu-tools-for-stm32.7-2018-q2-update.win32_1.4.0.202007081208/tools/bin/../lib/gcc/arm-none-eabi/7.3.1/../../../../arm-none-eabi/lib/thumb/v7e-m/fpv5/hard\libc_nano.a(lib_a-errno.o)
                0x000000000800c738                __errno
 .text.__libc_init_array
                0x000000000800c744       0x48 d:/ucla/st/stm32cubeide_1.4.0/stm32cubeide/plugins/com.st.stm32cube.ide.mcu.externaltools.gnu-tools-for-stm32.7-2018-q2-update.win32_1.4.0.202007081208/tools/bin/../lib/gcc/arm-none-eabi/7.3.1/../../../../arm-none-eabi/lib/thumb/v7e-m/fpv5/hard\libc_nano.a(lib_a-init.o)
                0x000000000800c744                __libc_init_array
 .text.memmove  0x000000000800c78c       0x32 d:/ucla/st/stm32cubeide_1.4.0/stm32cubeide/plugins/com.st.stm32cube.ide.mcu.externaltools.gnu-tools-for-stm32.7-2018-q2-update.win32_1.4.0.202007081208/tools/bin/../lib/gcc/arm-none-eabi/7.3.1/../../../../arm-none-eabi/lib/thumb/v7e-m/fpv5/hard\libc_nano.a(lib_a-memmove.o)
                0x000000000800c78c                memmove
 .text.memset   0x000000000800c7be       0x10 d:/ucla/st/stm32cubeide_1.4.0/stm32cubeide/plugins/com.st.stm32cube.ide.mcu.externaltools.gnu-tools-for-stm32.7-2018-q2-update.win32_1.4.0.202007081208/tools/bin/../lib/gcc/arm-none-eabi/7.3.1/../../../../arm-none-eabi/lib/thumb/v7e-m/fpv5/hard\libc_nano.a(lib_a-memset.o)
                0x000000000800c7be                memset
 *fill*         0x000000000800c7ce        0x2 
 .text.srand    0x000000000800c7d0       0x48 d:/ucla/st/stm32cubeide_1.4.0/stm32cubeide/plugins/com.st.stm32cube.ide.mcu.externaltools.gnu-tools-for-stm32.7-2018-q2-update.win32_1.4.0.202007081208/tools/bin/../lib/gcc/arm-none-eabi/7.3.1/../../../../arm-none-eabi/lib/thumb/v7e-m/fpv5/hard\libc_nano.a(lib_a-rand.o)
                0x000000000800c7d0                srand
 .text.rand     0x000000000800c818       0x68 d:/ucla/st/stm32cubeide_1.4.0/stm32cubeide/plugins/com.st.stm32cube.ide.mcu.externaltools.gnu-tools-for-stm32.7-2018-q2-update.win32_1.4.0.202007081208/tools/bin/../lib/gcc/arm-none-eabi/7.3.1/../../../../arm-none-eabi/lib/thumb/v7e-m/fpv5/hard\libc_nano.a(lib_a-rand.o)
                0x000000000800c818                rand
 .text.malloc   0x000000000800c880       0x10 d:/ucla/st/stm32cubeide_1.4.0/stm32cubeide/plugins/com.st.stm32cube.ide.mcu.externaltools.gnu-tools-for-stm32.7-2018-q2-update.win32_1.4.0.202007081208/tools/bin/../lib/gcc/arm-none-eabi/7.3.1/../../../../arm-none-eabi/lib/thumb/v7e-m/fpv5/hard\libc_nano.a(lib_a-malloc.o)
                0x000000000800c880                malloc
 .text._malloc_r
                0x000000000800c890       0xb4 d:/ucla/st/stm32cubeide_1.4.0/stm32cubeide/plugins/com.st.stm32cube.ide.mcu.externaltools.gnu-tools-for-stm32.7-2018-q2-update.win32_1.4.0.202007081208/tools/bin/../lib/gcc/arm-none-eabi/7.3.1/../../../../arm-none-eabi/lib/thumb/v7e-m/fpv5/hard\libc_nano.a(lib_a-nano-mallocr.o)
                0x000000000800c890                _malloc_r
 .text._sbrk_r  0x000000000800c944       0x20 d:/ucla/st/stm32cubeide_1.4.0/stm32cubeide/plugins/com.st.stm32cube.ide.mcu.externaltools.gnu-tools-for-stm32.7-2018-q2-update.win32_1.4.0.202007081208/tools/bin/../lib/gcc/arm-none-eabi/7.3.1/../../../../arm-none-eabi/lib/thumb/v7e-m/fpv5/hard\libc_nano.a(lib_a-sbrkr.o)
                0x000000000800c944                _sbrk_r
 .text.__malloc_lock
                0x000000000800c964        0x2 d:/ucla/st/stm32cubeide_1.4.0/stm32cubeide/plugins/com.st.stm32cube.ide.mcu.externaltools.gnu-tools-for-stm32.7-2018-q2-update.win32_1.4.0.202007081208/tools/bin/../lib/gcc/arm-none-eabi/7.3.1/../../../../arm-none-eabi/lib/thumb/v7e-m/fpv5/hard\libc_nano.a(lib_a-mlock.o)
                0x000000000800c964                __malloc_lock
 .text.__malloc_unlock
                0x000000000800c966        0x2 d:/ucla/st/stm32cubeide_1.4.0/stm32cubeide/plugins/com.st.stm32cube.ide.mcu.externaltools.gnu-tools-for-stm32.7-2018-q2-update.win32_1.4.0.202007081208/tools/bin/../lib/gcc/arm-none-eabi/7.3.1/../../../../arm-none-eabi/lib/thumb/v7e-m/fpv5/hard\libc_nano.a(lib_a-mlock.o)
                0x000000000800c966                __malloc_unlock
 .text.round    0x000000000800c968       0x8c d:/ucla/st/stm32cubeide_1.4.0/stm32cubeide/plugins/com.st.stm32cube.ide.mcu.externaltools.gnu-tools-for-stm32.7-2018-q2-update.win32_1.4.0.202007081208/tools/bin/../lib/gcc/arm-none-eabi/7.3.1/../../../../arm-none-eabi/lib/thumb/v7e-m/fpv5/hard\libm.a(lib_a-s_round.o)
                0x000000000800c968                round
 *(.glue_7)
 .glue_7        0x000000000800c9f4        0x0 linker stubs
 *(.glue_7t)
 .glue_7t       0x000000000800c9f4        0x0 linker stubs
 *(.eh_frame)
 .eh_frame      0x000000000800c9f4        0x0 d:/ucla/st/stm32cubeide_1.4.0/stm32cubeide/plugins/com.st.stm32cube.ide.mcu.externaltools.gnu-tools-for-stm32.7-2018-q2-update.win32_1.4.0.202007081208/tools/bin/../lib/gcc/arm-none-eabi/7.3.1/thumb/v7e-m/fpv5/hard/crtbegin.o
 *(.init)
 .init          0x000000000800c9f4        0x4 d:/ucla/st/stm32cubeide_1.4.0/stm32cubeide/plugins/com.st.stm32cube.ide.mcu.externaltools.gnu-tools-for-stm32.7-2018-q2-update.win32_1.4.0.202007081208/tools/bin/../lib/gcc/arm-none-eabi/7.3.1/thumb/v7e-m/fpv5/hard/crti.o
                0x000000000800c9f4                _init
 .init          0x000000000800c9f8        0x8 d:/ucla/st/stm32cubeide_1.4.0/stm32cubeide/plugins/com.st.stm32cube.ide.mcu.externaltools.gnu-tools-for-stm32.7-2018-q2-update.win32_1.4.0.202007081208/tools/bin/../lib/gcc/arm-none-eabi/7.3.1/thumb/v7e-m/fpv5/hard/crtn.o
 *(.fini)
 .fini          0x000000000800ca00        0x4 d:/ucla/st/stm32cubeide_1.4.0/stm32cubeide/plugins/com.st.stm32cube.ide.mcu.externaltools.gnu-tools-for-stm32.7-2018-q2-update.win32_1.4.0.202007081208/tools/bin/../lib/gcc/arm-none-eabi/7.3.1/thumb/v7e-m/fpv5/hard/crti.o
                0x000000000800ca00                _fini
 .fini          0x000000000800ca04        0x8 d:/ucla/st/stm32cubeide_1.4.0/stm32cubeide/plugins/com.st.stm32cube.ide.mcu.externaltools.gnu-tools-for-stm32.7-2018-q2-update.win32_1.4.0.202007081208/tools/bin/../lib/gcc/arm-none-eabi/7.3.1/thumb/v7e-m/fpv5/hard/crtn.o
                0x000000000800ca0c                . = ALIGN (0x4)
                0x000000000800ca0c                _etext = .

.vfp11_veneer   0x000000000800ca0c        0x0
 .vfp11_veneer  0x000000000800ca0c        0x0 linker stubs

.v4_bx          0x000000000800ca0c        0x0
 .v4_bx         0x000000000800ca0c        0x0 linker stubs

.iplt           0x000000000800ca0c        0x0
 .iplt          0x000000000800ca0c        0x0 d:/ucla/st/stm32cubeide_1.4.0/stm32cubeide/plugins/com.st.stm32cube.ide.mcu.externaltools.gnu-tools-for-stm32.7-2018-q2-update.win32_1.4.0.202007081208/tools/bin/../lib/gcc/arm-none-eabi/7.3.1/thumb/v7e-m/fpv5/hard/crtbegin.o

.rodata         0x000000000800ca0c       0x78
                0x000000000800ca0c                . = ALIGN (0x4)
 *(.rodata)
 .rodata        0x000000000800ca0c       0x10 Drivers/STM32H7xx_HAL_Driver/Src/stm32h7xx_hal_uart_ex.o
 *(.rodata*)
 .rodata.coef   0x000000000800ca1c       0x38 Core/Src/aec.o
                0x000000000800ca1c                coef
 .rodata.D1CorePrescTable
                0x000000000800ca54       0x10 Core/Src/system_stm32h7xx.o
                0x000000000800ca54                D1CorePrescTable
 .rodata.flagBitshiftOffset.12485
                0x000000000800ca64        0x8 Drivers/STM32H7xx_HAL_Driver/Src/stm32h7xx_hal_dma.o
 .rodata.UARTPrescTable
                0x000000000800ca6c       0x18 Drivers/STM32H7xx_HAL_Driver/Src/stm32h7xx_hal_uart.o
                0x000000000800ca6c                UARTPrescTable
                0x000000000800ca84                . = ALIGN (0x4)

.ARM.extab      0x000000000800ca84        0x0
                0x000000000800ca84                . = ALIGN (0x4)
 *(.ARM.extab* .gnu.linkonce.armextab.*)
                0x000000000800ca84                . = ALIGN (0x4)

.ARM            0x000000000800ca84        0x8
                0x000000000800ca84                . = ALIGN (0x4)
                0x000000000800ca84                __exidx_start = .
 *(.ARM.exidx*)
 .ARM.exidx     0x000000000800ca84        0x8 d:/ucla/st/stm32cubeide_1.4.0/stm32cubeide/plugins/com.st.stm32cube.ide.mcu.externaltools.gnu-tools-for-stm32.7-2018-q2-update.win32_1.4.0.202007081208/tools/bin/../lib/gcc/arm-none-eabi/7.3.1/thumb/v7e-m/fpv5/hard\libgcc.a(_udivmoddi4.o)
                0x000000000800ca8c                __exidx_end = .
                0x000000000800ca8c                . = ALIGN (0x4)

.rel.dyn        0x000000000800ca8c        0x0
 .rel.iplt      0x000000000800ca8c        0x0 d:/ucla/st/stm32cubeide_1.4.0/stm32cubeide/plugins/com.st.stm32cube.ide.mcu.externaltools.gnu-tools-for-stm32.7-2018-q2-update.win32_1.4.0.202007081208/tools/bin/../lib/gcc/arm-none-eabi/7.3.1/thumb/v7e-m/fpv5/hard/crtbegin.o

.preinit_array  0x000000000800ca8c        0x0
                0x000000000800ca8c                . = ALIGN (0x4)
                0x000000000800ca8c                PROVIDE (__preinit_array_start = .)
 *(.preinit_array*)
                0x000000000800ca8c                PROVIDE (__preinit_array_end = .)
                0x000000000800ca8c                . = ALIGN (0x4)

.init_array     0x000000000800ca8c        0x4
                0x000000000800ca8c                . = ALIGN (0x4)
                0x000000000800ca8c                PROVIDE (__init_array_start = .)
 *(SORT_BY_NAME(.init_array.*))
 *(.init_array*)
 .init_array    0x000000000800ca8c        0x4 d:/ucla/st/stm32cubeide_1.4.0/stm32cubeide/plugins/com.st.stm32cube.ide.mcu.externaltools.gnu-tools-for-stm32.7-2018-q2-update.win32_1.4.0.202007081208/tools/bin/../lib/gcc/arm-none-eabi/7.3.1/thumb/v7e-m/fpv5/hard/crtbegin.o
                0x000000000800ca90                PROVIDE (__init_array_end = .)
                0x000000000800ca90                . = ALIGN (0x4)

.fini_array     0x000000000800ca90        0x4
                0x000000000800ca90                . = ALIGN (0x4)
                [!provide]                        PROVIDE (__fini_array_start = .)
 *(SORT_BY_NAME(.fini_array.*))
 *(.fini_array*)
 .fini_array    0x000000000800ca90        0x4 d:/ucla/st/stm32cubeide_1.4.0/stm32cubeide/plugins/com.st.stm32cube.ide.mcu.externaltools.gnu-tools-for-stm32.7-2018-q2-update.win32_1.4.0.202007081208/tools/bin/../lib/gcc/arm-none-eabi/7.3.1/thumb/v7e-m/fpv5/hard/crtbegin.o
                [!provide]                        PROVIDE (__fini_array_end = .)
                0x000000000800ca94                . = ALIGN (0x4)
                0x000000000800ca94                _sidata = LOADADDR (.data)

.data           0x0000000024000000       0x78 load address 0x000000000800ca94
                0x0000000024000000                . = ALIGN (0x4)
                0x0000000024000000                _sdata = .
 *(.data)
 *(.data*)
 .data.head     0x0000000024000000        0x4 Core/Src/aec.o
                0x0000000024000000                head
 .data.SystemCoreClock
                0x0000000024000004        0x4 Core/Src/system_stm32h7xx.o
                0x0000000024000004                SystemCoreClock
 .data.SystemD2Clock
                0x0000000024000008        0x4 Core/Src/system_stm32h7xx.o
                0x0000000024000008                SystemD2Clock
 .data.uwTickPrio
                0x000000002400000c        0x4 Drivers/STM32H7xx_HAL_Driver/Src/stm32h7xx_hal.o
                0x000000002400000c                uwTickPrio
 .data.uwTickFreq
                0x0000000024000010        0x1 Drivers/STM32H7xx_HAL_Driver/Src/stm32h7xx_hal.o
                0x0000000024000010                uwTickFreq
 *fill*         0x0000000024000011        0x3 
 .data._impure_ptr
                0x0000000024000014        0x4 d:/ucla/st/stm32cubeide_1.4.0/stm32cubeide/plugins/com.st.stm32cube.ide.mcu.externaltools.gnu-tools-for-stm32.7-2018-q2-update.win32_1.4.0.202007081208/tools/bin/../lib/gcc/arm-none-eabi/7.3.1/../../../../arm-none-eabi/lib/thumb/v7e-m/fpv5/hard\libc_nano.a(lib_a-impure.o)
                0x0000000024000014                _impure_ptr
 .data.impure_data
                0x0000000024000018       0x60 d:/ucla/st/stm32cubeide_1.4.0/stm32cubeide/plugins/com.st.stm32cube.ide.mcu.externaltools.gnu-tools-for-stm32.7-2018-q2-update.win32_1.4.0.202007081208/tools/bin/../lib/gcc/arm-none-eabi/7.3.1/../../../../arm-none-eabi/lib/thumb/v7e-m/fpv5/hard\libc_nano.a(lib_a-impure.o)
                0x0000000024000078                . = ALIGN (0x4)
                0x0000000024000078                _edata = .

.igot.plt       0x0000000024000078        0x0 load address 0x000000000800cb0c
 .igot.plt      0x0000000024000078        0x0 d:/ucla/st/stm32cubeide_1.4.0/stm32cubeide/plugins/com.st.stm32cube.ide.mcu.externaltools.gnu-tools-for-stm32.7-2018-q2-update.win32_1.4.0.202007081208/tools/bin/../lib/gcc/arm-none-eabi/7.3.1/thumb/v7e-m/fpv5/hard/crtbegin.o

.RxDecripSection
                0x0000000024000078       0x60 load address 0x000000000800cb0c
 .RxDecripSection
                0x0000000024000078       0x60 Core/Src/main.o
                0x0000000024000078                DMARxDscrTab

.TxDecripSection
                0x00000000240000d8       0x60 load address 0x000000000800cb6c
 .TxDecripSection
                0x00000000240000d8       0x60 Core/Src/main.o
                0x00000000240000d8                DMATxDscrTab
                0x0000000024000138                . = ALIGN (0x4)

.bss            0x0000000024000138    0x26d64 load address 0x000000000800cbcc
                0x0000000024000138                _sbss = .
                0x0000000024000138                __bss_start__ = _sbss
 *(.bss)
 .bss           0x0000000024000138       0x1c d:/ucla/st/stm32cubeide_1.4.0/stm32cubeide/plugins/com.st.stm32cube.ide.mcu.externaltools.gnu-tools-for-stm32.7-2018-q2-update.win32_1.4.0.202007081208/tools/bin/../lib/gcc/arm-none-eabi/7.3.1/thumb/v7e-m/fpv5/hard/crtbegin.o
 *(.bss*)
 .bss.hold_timer
                0x0000000024000154        0x4 Core/Src/aec.o
                0x0000000024000154                hold_timer
 .bss.DC_offset
                0x0000000024000158        0x4 Core/Src/aec.o
                0x0000000024000158                DC_offset
 .bss.signal_energy
                0x000000002400015c        0x4 Core/Src/aec.o
                0x000000002400015c                signal_energy
 .bss.x         0x0000000024000160     0x1400 Core/Src/aec.o
                0x0000000024000160                x
 .bss.abs_x     0x0000000024001560     0x1400 Core/Src/aec.o
                0x0000000024001560                abs_x
 .bss.weights   0x0000000024002960     0x1000 Core/Src/aec.o
                0x0000000024002960                weights
 .bss.xf        0x0000000024003960     0x1400 Core/Src/aec.o
                0x0000000024003960                xf
 .bss.u         0x0000000024004d60       0x38 Core/Src/aec.o
                0x0000000024004d60                u
 .bss.y         0x0000000024004d98        0x4 Core/Src/aec.o
                0x0000000024004d98                y
 .bss.z         0x0000000024004d9c        0x4 Core/Src/aec.o
                0x0000000024004d9c                z
 .bss.m         0x0000000024004da0        0x4 Core/Src/aec.o
                0x0000000024004da0                m
 .bss.n         0x0000000024004da4        0x4 Core/Src/aec.o
                0x0000000024004da4                n
 .bss.ADC_buff  0x0000000024004da8     0xfa00 Core/Src/main.o
                0x0000000024004da8                ADC_buff
 .bss.ADC_out   0x00000000240147a8    0x11f80 Core/Src/main.o
                0x00000000240147a8                ADC_out
 .bss.delay     0x0000000024026728        0x4 Core/Src/main.o
                0x0000000024026728                delay
 .bss.gain      0x000000002402672c        0x4 Core/Src/main.o
                0x000000002402672c                gain
 .bss.pts       0x0000000024026730        0x4 Core/Src/main.o
                0x0000000024026730                pts
 .bss.record_done
                0x0000000024026734        0x4 Core/Src/main.o
                0x0000000024026734                record_done
 .bss.play_done
                0x0000000024026738        0x4 Core/Src/main.o
                0x0000000024026738                play_done
 .bss.button_state
                0x000000002402673c        0x4 Core/Src/main.o
                0x000000002402673c                button_state
 .bss.if_record
                0x0000000024026740        0x4 Core/Src/main.o
                0x0000000024026740                if_record
 .bss.is_echo   0x0000000024026744        0x4 Core/Src/main.o
                0x0000000024026744                is_echo
 .bss.magprint  0x0000000024026748        0x4 Core/Src/main.o
                0x0000000024026748                magprint
 .bss.max_samp  0x000000002402674c        0x4 Core/Src/main.o
                0x000000002402674c                max_samp
 .bss.__sbrk_heap_end
                0x0000000024026750        0x4 Core/Src/sysmem.o
 .bss.__malloc_free_list
                0x0000000024026754        0x4 d:/ucla/st/stm32cubeide_1.4.0/stm32cubeide/plugins/com.st.stm32cube.ide.mcu.externaltools.gnu-tools-for-stm32.7-2018-q2-update.win32_1.4.0.202007081208/tools/bin/../lib/gcc/arm-none-eabi/7.3.1/../../../../arm-none-eabi/lib/thumb/v7e-m/fpv5/hard\libc_nano.a(lib_a-nano-mallocr.o)
                0x0000000024026754                __malloc_free_list
 .bss.__malloc_sbrk_start
                0x0000000024026758        0x4 d:/ucla/st/stm32cubeide_1.4.0/stm32cubeide/plugins/com.st.stm32cube.ide.mcu.externaltools.gnu-tools-for-stm32.7-2018-q2-update.win32_1.4.0.202007081208/tools/bin/../lib/gcc/arm-none-eabi/7.3.1/../../../../arm-none-eabi/lib/thumb/v7e-m/fpv5/hard\libc_nano.a(lib_a-nano-mallocr.o)
                0x0000000024026758                __malloc_sbrk_start
 *(COMMON)
 COMMON         0x000000002402675c      0x738 Core/Src/main.o
                0x000000002402675c                hdac1
                0x0000000024026770                huart3
                0x00000000240267fc                hpcd_USB_OTG_FS
                0x0000000024026c04                hdma_dac1_ch1
                0x0000000024026c7c                hadc1
                0x0000000024026ce0                hdma_adc1
                0x0000000024026d58                htim1
                0x0000000024026da4                htim2
                0x0000000024026df0                heth
                0x0000000024026e60                TxConfig
 COMMON         0x0000000024026e94        0x4 Drivers/STM32H7xx_HAL_Driver/Src/stm32h7xx_hal.o
                0x0000000024026e94                uwTick
 COMMON         0x0000000024026e98        0x4 d:/ucla/st/stm32cubeide_1.4.0/stm32cubeide/plugins/com.st.stm32cube.ide.mcu.externaltools.gnu-tools-for-stm32.7-2018-q2-update.win32_1.4.0.202007081208/tools/bin/../lib/gcc/arm-none-eabi/7.3.1/../../../../arm-none-eabi/lib/thumb/v7e-m/fpv5/hard\libc_nano.a(lib_a-reent.o)
                0x0000000024026e98                errno
                0x0000000024026e9c                . = ALIGN (0x4)
                0x0000000024026e9c                _ebss = .
                0x0000000024026e9c                __bss_end__ = _ebss

._user_heap_stack
                0x0000000024026e9c      0x604 load address 0x000000000800cbcc
                0x0000000024026ea0                . = ALIGN (0x8)
 *fill*         0x0000000024026e9c        0x4 
                [!provide]                        PROVIDE (end = .)
                0x0000000024026ea0                PROVIDE (_end = .)
                0x00000000240270a0                . = (. + _Min_Heap_Size)
 *fill*         0x0000000024026ea0      0x200 
                0x00000000240274a0                . = (. + _Min_Stack_Size)
 *fill*         0x00000000240270a0      0x400 
                0x00000000240274a0                . = ALIGN (0x8)

/DISCARD/
 libc.a(*)
 libm.a(*)
 libgcc.a(*)

.ARM.attributes
                0x0000000000000000       0x2e
 *(.ARM.attributes)
 .ARM.attributes
                0x0000000000000000       0x20 d:/ucla/st/stm32cubeide_1.4.0/stm32cubeide/plugins/com.st.stm32cube.ide.mcu.externaltools.gnu-tools-for-stm32.7-2018-q2-update.win32_1.4.0.202007081208/tools/bin/../lib/gcc/arm-none-eabi/7.3.1/thumb/v7e-m/fpv5/hard/crti.o
 .ARM.attributes
                0x0000000000000020       0x32 d:/ucla/st/stm32cubeide_1.4.0/stm32cubeide/plugins/com.st.stm32cube.ide.mcu.externaltools.gnu-tools-for-stm32.7-2018-q2-update.win32_1.4.0.202007081208/tools/bin/../lib/gcc/arm-none-eabi/7.3.1/thumb/v7e-m/fpv5/hard/crtbegin.o
 .ARM.attributes
                0x0000000000000052       0x37 Core/Src/aec.o
 .ARM.attributes
                0x0000000000000089       0x37 Core/Src/echo.o
 .ARM.attributes
                0x00000000000000c0       0x37 Core/Src/main.o
 .ARM.attributes
                0x00000000000000f7       0x37 Core/Src/stm32h7xx_hal_msp.o
 .ARM.attributes
                0x000000000000012e       0x37 Core/Src/stm32h7xx_it.o
 .ARM.attributes
                0x0000000000000165       0x37 Core/Src/sysmem.o
 .ARM.attributes
                0x000000000000019c       0x37 Core/Src/system_stm32h7xx.o
 .ARM.attributes
                0x00000000000001d3       0x21 Core/Startup/startup_stm32h743zitx.o
 .ARM.attributes
                0x00000000000001f4       0x37 Drivers/STM32H7xx_HAL_Driver/Src/stm32h7xx_hal.o
 .ARM.attributes
                0x000000000000022b       0x37 Drivers/STM32H7xx_HAL_Driver/Src/stm32h7xx_hal_adc.o
 .ARM.attributes
                0x0000000000000262       0x37 Drivers/STM32H7xx_HAL_Driver/Src/stm32h7xx_hal_adc_ex.o
 .ARM.attributes
                0x0000000000000299       0x37 Drivers/STM32H7xx_HAL_Driver/Src/stm32h7xx_hal_cortex.o
 .ARM.attributes
                0x00000000000002d0       0x37 Drivers/STM32H7xx_HAL_Driver/Src/stm32h7xx_hal_dac.o
 .ARM.attributes
                0x0000000000000307       0x37 Drivers/STM32H7xx_HAL_Driver/Src/stm32h7xx_hal_dac_ex.o
 .ARM.attributes
                0x000000000000033e       0x37 Drivers/STM32H7xx_HAL_Driver/Src/stm32h7xx_hal_dma.o
 .ARM.attributes
                0x0000000000000375       0x37 Drivers/STM32H7xx_HAL_Driver/Src/stm32h7xx_hal_eth.o
 .ARM.attributes
                0x00000000000003ac       0x37 Drivers/STM32H7xx_HAL_Driver/Src/stm32h7xx_hal_gpio.o
 .ARM.attributes
                0x00000000000003e3       0x37 Drivers/STM32H7xx_HAL_Driver/Src/stm32h7xx_hal_pcd.o
 .ARM.attributes
                0x000000000000041a       0x37 Drivers/STM32H7xx_HAL_Driver/Src/stm32h7xx_hal_pcd_ex.o
 .ARM.attributes
                0x0000000000000451       0x37 Drivers/STM32H7xx_HAL_Driver/Src/stm32h7xx_hal_pwr_ex.o
 .ARM.attributes
                0x0000000000000488       0x37 Drivers/STM32H7xx_HAL_Driver/Src/stm32h7xx_hal_rcc.o
 .ARM.attributes
                0x00000000000004bf       0x37 Drivers/STM32H7xx_HAL_Driver/Src/stm32h7xx_hal_rcc_ex.o
 .ARM.attributes
                0x00000000000004f6       0x37 Drivers/STM32H7xx_HAL_Driver/Src/stm32h7xx_hal_tim.o
 .ARM.attributes
                0x000000000000052d       0x37 Drivers/STM32H7xx_HAL_Driver/Src/stm32h7xx_hal_tim_ex.o
 .ARM.attributes
                0x0000000000000564       0x37 Drivers/STM32H7xx_HAL_Driver/Src/stm32h7xx_hal_uart.o
 .ARM.attributes
                0x000000000000059b       0x37 Drivers/STM32H7xx_HAL_Driver/Src/stm32h7xx_hal_uart_ex.o
 .ARM.attributes
                0x00000000000005d2       0x37 Drivers/STM32H7xx_HAL_Driver/Src/stm32h7xx_ll_usb.o
 .ARM.attributes
                0x0000000000000609       0x32 D:\UCLA\Courses\EE 113D\Labs\Project_AEC\Core\libs\libarm_cortexM7lfdp_math.a(arm_max_no_idx_f32.o)
 .ARM.attributes
                0x000000000000063b       0x32 D:\UCLA\Courses\EE 113D\Labs\Project_AEC\Core\libs\libarm_cortexM7lfdp_math.a(arm_dot_prod_f32.o)
 .ARM.attributes
                0x000000000000066d       0x32 d:/ucla/st/stm32cubeide_1.4.0/stm32cubeide/plugins/com.st.stm32cube.ide.mcu.externaltools.gnu-tools-for-stm32.7-2018-q2-update.win32_1.4.0.202007081208/tools/bin/../lib/gcc/arm-none-eabi/7.3.1/../../../../arm-none-eabi/lib/thumb/v7e-m/fpv5/hard\libc_nano.a(lib_a-errno.o)
 .ARM.attributes
                0x000000000000069f       0x32 d:/ucla/st/stm32cubeide_1.4.0/stm32cubeide/plugins/com.st.stm32cube.ide.mcu.externaltools.gnu-tools-for-stm32.7-2018-q2-update.win32_1.4.0.202007081208/tools/bin/../lib/gcc/arm-none-eabi/7.3.1/../../../../arm-none-eabi/lib/thumb/v7e-m/fpv5/hard\libc_nano.a(lib_a-impure.o)
 .ARM.attributes
                0x00000000000006d1       0x32 d:/ucla/st/stm32cubeide_1.4.0/stm32cubeide/plugins/com.st.stm32cube.ide.mcu.externaltools.gnu-tools-for-stm32.7-2018-q2-update.win32_1.4.0.202007081208/tools/bin/../lib/gcc/arm-none-eabi/7.3.1/../../../../arm-none-eabi/lib/thumb/v7e-m/fpv5/hard\libc_nano.a(lib_a-init.o)
 .ARM.attributes
                0x0000000000000703       0x32 d:/ucla/st/stm32cubeide_1.4.0/stm32cubeide/plugins/com.st.stm32cube.ide.mcu.externaltools.gnu-tools-for-stm32.7-2018-q2-update.win32_1.4.0.202007081208/tools/bin/../lib/gcc/arm-none-eabi/7.3.1/../../../../arm-none-eabi/lib/thumb/v7e-m/fpv5/hard\libc_nano.a(lib_a-memmove.o)
 .ARM.attributes
                0x0000000000000735       0x32 d:/ucla/st/stm32cubeide_1.4.0/stm32cubeide/plugins/com.st.stm32cube.ide.mcu.externaltools.gnu-tools-for-stm32.7-2018-q2-update.win32_1.4.0.202007081208/tools/bin/../lib/gcc/arm-none-eabi/7.3.1/../../../../arm-none-eabi/lib/thumb/v7e-m/fpv5/hard\libc_nano.a(lib_a-memset.o)
 .ARM.attributes
                0x0000000000000767       0x32 d:/ucla/st/stm32cubeide_1.4.0/stm32cubeide/plugins/com.st.stm32cube.ide.mcu.externaltools.gnu-tools-for-stm32.7-2018-q2-update.win32_1.4.0.202007081208/tools/bin/../lib/gcc/arm-none-eabi/7.3.1/../../../../arm-none-eabi/lib/thumb/v7e-m/fpv5/hard\libc_nano.a(lib_a-rand.o)
 .ARM.attributes
                0x0000000000000799       0x32 d:/ucla/st/stm32cubeide_1.4.0/stm32cubeide/plugins/com.st.stm32cube.ide.mcu.externaltools.gnu-tools-for-stm32.7-2018-q2-update.win32_1.4.0.202007081208/tools/bin/../lib/gcc/arm-none-eabi/7.3.1/../../../../arm-none-eabi/lib/thumb/v7e-m/fpv5/hard\libc_nano.a(lib_a-malloc.o)
 .ARM.attributes
                0x00000000000007cb       0x32 d:/ucla/st/stm32cubeide_1.4.0/stm32cubeide/plugins/com.st.stm32cube.ide.mcu.externaltools.gnu-tools-for-stm32.7-2018-q2-update.win32_1.4.0.202007081208/tools/bin/../lib/gcc/arm-none-eabi/7.3.1/../../../../arm-none-eabi/lib/thumb/v7e-m/fpv5/hard\libc_nano.a(lib_a-nano-mallocr.o)
 .ARM.attributes
                0x00000000000007fd       0x32 d:/ucla/st/stm32cubeide_1.4.0/stm32cubeide/plugins/com.st.stm32cube.ide.mcu.externaltools.gnu-tools-for-stm32.7-2018-q2-update.win32_1.4.0.202007081208/tools/bin/../lib/gcc/arm-none-eabi/7.3.1/../../../../arm-none-eabi/lib/thumb/v7e-m/fpv5/hard\libc_nano.a(lib_a-sbrkr.o)
 .ARM.attributes
                0x000000000000082f       0x32 d:/ucla/st/stm32cubeide_1.4.0/stm32cubeide/plugins/com.st.stm32cube.ide.mcu.externaltools.gnu-tools-for-stm32.7-2018-q2-update.win32_1.4.0.202007081208/tools/bin/../lib/gcc/arm-none-eabi/7.3.1/../../../../arm-none-eabi/lib/thumb/v7e-m/fpv5/hard\libc_nano.a(lib_a-mlock.o)
 .ARM.attributes
                0x0000000000000861       0x32 d:/ucla/st/stm32cubeide_1.4.0/stm32cubeide/plugins/com.st.stm32cube.ide.mcu.externaltools.gnu-tools-for-stm32.7-2018-q2-update.win32_1.4.0.202007081208/tools/bin/../lib/gcc/arm-none-eabi/7.3.1/../../../../arm-none-eabi/lib/thumb/v7e-m/fpv5/hard\libc_nano.a(lib_a-reent.o)
 .ARM.attributes
                0x0000000000000893       0x32 d:/ucla/st/stm32cubeide_1.4.0/stm32cubeide/plugins/com.st.stm32cube.ide.mcu.externaltools.gnu-tools-for-stm32.7-2018-q2-update.win32_1.4.0.202007081208/tools/bin/../lib/gcc/arm-none-eabi/7.3.1/../../../../arm-none-eabi/lib/thumb/v7e-m/fpv5/hard\libm.a(lib_a-s_round.o)
 .ARM.attributes
                0x00000000000008c5       0x20 d:/ucla/st/stm32cubeide_1.4.0/stm32cubeide/plugins/com.st.stm32cube.ide.mcu.externaltools.gnu-tools-for-stm32.7-2018-q2-update.win32_1.4.0.202007081208/tools/bin/../lib/gcc/arm-none-eabi/7.3.1/thumb/v7e-m/fpv5/hard\libgcc.a(_aeabi_uldivmod.o)
 .ARM.attributes
                0x00000000000008e5       0x32 d:/ucla/st/stm32cubeide_1.4.0/stm32cubeide/plugins/com.st.stm32cube.ide.mcu.externaltools.gnu-tools-for-stm32.7-2018-q2-update.win32_1.4.0.202007081208/tools/bin/../lib/gcc/arm-none-eabi/7.3.1/thumb/v7e-m/fpv5/hard\libgcc.a(_udivmoddi4.o)
 .ARM.attributes
                0x0000000000000917       0x20 d:/ucla/st/stm32cubeide_1.4.0/stm32cubeide/plugins/com.st.stm32cube.ide.mcu.externaltools.gnu-tools-for-stm32.7-2018-q2-update.win32_1.4.0.202007081208/tools/bin/../lib/gcc/arm-none-eabi/7.3.1/thumb/v7e-m/fpv5/hard\libgcc.a(_dvmd_tls.o)
 .ARM.attributes
                0x0000000000000937       0x20 d:/ucla/st/stm32cubeide_1.4.0/stm32cubeide/plugins/com.st.stm32cube.ide.mcu.externaltools.gnu-tools-for-stm32.7-2018-q2-update.win32_1.4.0.202007081208/tools/bin/../lib/gcc/arm-none-eabi/7.3.1/thumb/v7e-m/fpv5/hard/crtn.o
OUTPUT(Project_AEC.elf elf32-littlearm)

.debug_info     0x0000000000000000    0x309e4
 .debug_info    0x0000000000000000      0xd0d Core/Src/aec.o
 .debug_info    0x0000000000000d0d      0xbfe Core/Src/echo.o
 .debug_info    0x000000000000190b     0x45cf Core/Src/main.o
 .debug_info    0x0000000000005eda     0x33eb Core/Src/stm32h7xx_hal_msp.o
 .debug_info    0x00000000000092c5      0xe78 Core/Src/stm32h7xx_it.o
 .debug_info    0x000000000000a13d      0x985 Core/Src/sysmem.o
 .debug_info    0x000000000000aac2     0x161d Core/Src/system_stm32h7xx.o
 .debug_info    0x000000000000c0df       0x22 Core/Startup/startup_stm32h743zitx.o
 .debug_info    0x000000000000c101     0x1e3c Drivers/STM32H7xx_HAL_Driver/Src/stm32h7xx_hal.o
 .debug_info    0x000000000000df3d     0x25f0 Drivers/STM32H7xx_HAL_Driver/Src/stm32h7xx_hal_adc.o
 .debug_info    0x000000000001052d     0x26d1 Drivers/STM32H7xx_HAL_Driver/Src/stm32h7xx_hal_adc_ex.o
 .debug_info    0x0000000000012bfe     0x1ab0 Drivers/STM32H7xx_HAL_Driver/Src/stm32h7xx_hal_cortex.o
 .debug_info    0x00000000000146ae     0x14e3 Drivers/STM32H7xx_HAL_Driver/Src/stm32h7xx_hal_dac.o
 .debug_info    0x0000000000015b91     0x14fa Drivers/STM32H7xx_HAL_Driver/Src/stm32h7xx_hal_dac_ex.o
 .debug_info    0x000000000001708b     0x15f3 Drivers/STM32H7xx_HAL_Driver/Src/stm32h7xx_hal_dma.o
 .debug_info    0x000000000001867e     0x2f12 Drivers/STM32H7xx_HAL_Driver/Src/stm32h7xx_hal_eth.o
 .debug_info    0x000000000001b590     0x1666 Drivers/STM32H7xx_HAL_Driver/Src/stm32h7xx_hal_gpio.o
 .debug_info    0x000000000001cbf6     0x1ab4 Drivers/STM32H7xx_HAL_Driver/Src/stm32h7xx_hal_pcd.o
 .debug_info    0x000000000001e6aa     0x1217 Drivers/STM32H7xx_HAL_Driver/Src/stm32h7xx_hal_pcd_ex.o
 .debug_info    0x000000000001f8c1     0x1951 Drivers/STM32H7xx_HAL_Driver/Src/stm32h7xx_hal_pwr_ex.o
 .debug_info    0x0000000000021212     0x17c7 Drivers/STM32H7xx_HAL_Driver/Src/stm32h7xx_hal_rcc.o
 .debug_info    0x00000000000229d9     0x1b37 Drivers/STM32H7xx_HAL_Driver/Src/stm32h7xx_hal_rcc_ex.o
 .debug_info    0x0000000000024510     0x334d Drivers/STM32H7xx_HAL_Driver/Src/stm32h7xx_hal_tim.o
 .debug_info    0x000000000002785d     0x1fa3 Drivers/STM32H7xx_HAL_Driver/Src/stm32h7xx_hal_tim_ex.o
 .debug_info    0x0000000000029800     0x24aa Drivers/STM32H7xx_HAL_Driver/Src/stm32h7xx_hal_uart.o
 .debug_info    0x000000000002bcaa     0x14a9 Drivers/STM32H7xx_HAL_Driver/Src/stm32h7xx_hal_uart_ex.o
 .debug_info    0x000000000002d153     0x22a2 Drivers/STM32H7xx_HAL_Driver/Src/stm32h7xx_ll_usb.o
 .debug_info    0x000000000002f3f5      0xaed D:\UCLA\Courses\EE 113D\Labs\Project_AEC\Core\libs\libarm_cortexM7lfdp_math.a(arm_max_no_idx_f32.o)
 .debug_info    0x000000000002fee2      0xb02 D:\UCLA\Courses\EE 113D\Labs\Project_AEC\Core\libs\libarm_cortexM7lfdp_math.a(arm_dot_prod_f32.o)

.debug_abbrev   0x0000000000000000     0x4a8d
 .debug_abbrev  0x0000000000000000      0x2a7 Core/Src/aec.o
 .debug_abbrev  0x00000000000002a7      0x24d Core/Src/echo.o
 .debug_abbrev  0x00000000000004f4      0x3d0 Core/Src/main.o
 .debug_abbrev  0x00000000000008c4      0x296 Core/Src/stm32h7xx_hal_msp.o
 .debug_abbrev  0x0000000000000b5a      0x1d6 Core/Src/stm32h7xx_it.o
 .debug_abbrev  0x0000000000000d30      0x19b Core/Src/sysmem.o
 .debug_abbrev  0x0000000000000ecb      0x22e Core/Src/system_stm32h7xx.o
 .debug_abbrev  0x00000000000010f9       0x12 Core/Startup/startup_stm32h743zitx.o
 .debug_abbrev  0x000000000000110b      0x2d9 Drivers/STM32H7xx_HAL_Driver/Src/stm32h7xx_hal.o
 .debug_abbrev  0x00000000000013e4      0x2c8 Drivers/STM32H7xx_HAL_Driver/Src/stm32h7xx_hal_adc.o
 .debug_abbrev  0x00000000000016ac      0x306 Drivers/STM32H7xx_HAL_Driver/Src/stm32h7xx_hal_adc_ex.o
 .debug_abbrev  0x00000000000019b2      0x3b5 Drivers/STM32H7xx_HAL_Driver/Src/stm32h7xx_hal_cortex.o
 .debug_abbrev  0x0000000000001d67      0x259 Drivers/STM32H7xx_HAL_Driver/Src/stm32h7xx_hal_dac.o
 .debug_abbrev  0x0000000000001fc0      0x2af Drivers/STM32H7xx_HAL_Driver/Src/stm32h7xx_hal_dac_ex.o
 .debug_abbrev  0x000000000000226f      0x289 Drivers/STM32H7xx_HAL_Driver/Src/stm32h7xx_hal_dma.o
 .debug_abbrev  0x00000000000024f8      0x2e2 Drivers/STM32H7xx_HAL_Driver/Src/stm32h7xx_hal_eth.o
 .debug_abbrev  0x00000000000027da      0x28f Drivers/STM32H7xx_HAL_Driver/Src/stm32h7xx_hal_gpio.o
 .debug_abbrev  0x0000000000002a69      0x2f4 Drivers/STM32H7xx_HAL_Driver/Src/stm32h7xx_hal_pcd.o
 .debug_abbrev  0x0000000000002d5d      0x2a2 Drivers/STM32H7xx_HAL_Driver/Src/stm32h7xx_hal_pcd_ex.o
 .debug_abbrev  0x0000000000002fff      0x311 Drivers/STM32H7xx_HAL_Driver/Src/stm32h7xx_hal_pwr_ex.o
 .debug_abbrev  0x0000000000003310      0x2e2 Drivers/STM32H7xx_HAL_Driver/Src/stm32h7xx_hal_rcc.o
 .debug_abbrev  0x00000000000035f2      0x2db Drivers/STM32H7xx_HAL_Driver/Src/stm32h7xx_hal_rcc_ex.o
 .debug_abbrev  0x00000000000038cd      0x2bd Drivers/STM32H7xx_HAL_Driver/Src/stm32h7xx_hal_tim.o
 .debug_abbrev  0x0000000000003b8a      0x2c3 Drivers/STM32H7xx_HAL_Driver/Src/stm32h7xx_hal_tim_ex.o
 .debug_abbrev  0x0000000000003e4d      0x2bb Drivers/STM32H7xx_HAL_Driver/Src/stm32h7xx_hal_uart.o
 .debug_abbrev  0x0000000000004108      0x26f Drivers/STM32H7xx_HAL_Driver/Src/stm32h7xx_hal_uart_ex.o
 .debug_abbrev  0x0000000000004377      0x30a Drivers/STM32H7xx_HAL_Driver/Src/stm32h7xx_ll_usb.o
 .debug_abbrev  0x0000000000004681      0x1fc D:\UCLA\Courses\EE 113D\Labs\Project_AEC\Core\libs\libarm_cortexM7lfdp_math.a(arm_max_no_idx_f32.o)
 .debug_abbrev  0x000000000000487d      0x210 D:\UCLA\Courses\EE 113D\Labs\Project_AEC\Core\libs\libarm_cortexM7lfdp_math.a(arm_dot_prod_f32.o)

.debug_aranges  0x0000000000000000     0x1bd8
 .debug_aranges
                0x0000000000000000       0x48 Core/Src/aec.o
 .debug_aranges
                0x0000000000000048       0x30 Core/Src/echo.o
 .debug_aranges
                0x0000000000000078       0xb0 Core/Src/main.o
 .debug_aranges
                0x0000000000000128       0x80 Core/Src/stm32h7xx_hal_msp.o
 .debug_aranges
                0x00000000000001a8       0x78 Core/Src/stm32h7xx_it.o
 .debug_aranges
                0x0000000000000220       0x20 Core/Src/sysmem.o
 .debug_aranges
                0x0000000000000240       0x28 Core/Src/system_stm32h7xx.o
 .debug_aranges
                0x0000000000000268       0x28 Core/Startup/startup_stm32h743zitx.o
 .debug_aranges
                0x0000000000000290      0x1b8 Drivers/STM32H7xx_HAL_Driver/Src/stm32h7xx_hal.o
 .debug_aranges
                0x0000000000000448      0x228 Drivers/STM32H7xx_HAL_Driver/Src/stm32h7xx_hal_adc.o
 .debug_aranges
                0x0000000000000670      0x1d8 Drivers/STM32H7xx_HAL_Driver/Src/stm32h7xx_hal_adc_ex.o
 .debug_aranges
                0x0000000000000848      0x120 Drivers/STM32H7xx_HAL_Driver/Src/stm32h7xx_hal_cortex.o
 .debug_aranges
                0x0000000000000968       0xc0 Drivers/STM32H7xx_HAL_Driver/Src/stm32h7xx_hal_dac.o
 .debug_aranges
                0x0000000000000a28       0xa8 Drivers/STM32H7xx_HAL_Driver/Src/stm32h7xx_hal_dac_ex.o
 .debug_aranges
                0x0000000000000ad0       0xa0 Drivers/STM32H7xx_HAL_Driver/Src/stm32h7xx_hal_dma.o
 .debug_aranges
                0x0000000000000b70      0x1b0 Drivers/STM32H7xx_HAL_Driver/Src/stm32h7xx_hal_eth.o
 .debug_aranges
                0x0000000000000d20       0x58 Drivers/STM32H7xx_HAL_Driver/Src/stm32h7xx_hal_gpio.o
 .debug_aranges
                0x0000000000000d78      0x130 Drivers/STM32H7xx_HAL_Driver/Src/stm32h7xx_hal_pcd.o
 .debug_aranges
                0x0000000000000ea8       0x60 Drivers/STM32H7xx_HAL_Driver/Src/stm32h7xx_hal_pcd_ex.o
 .debug_aranges
                0x0000000000000f08      0x158 Drivers/STM32H7xx_HAL_Driver/Src/stm32h7xx_hal_pwr_ex.o
 .debug_aranges
                0x0000000000001060       0x88 Drivers/STM32H7xx_HAL_Driver/Src/stm32h7xx_hal_rcc.o
 .debug_aranges
                0x00000000000010e8       0xf8 Drivers/STM32H7xx_HAL_Driver/Src/stm32h7xx_hal_rcc_ex.o
 .debug_aranges
                0x00000000000011e0      0x3e0 Drivers/STM32H7xx_HAL_Driver/Src/stm32h7xx_hal_tim.o
 .debug_aranges
                0x00000000000015c0      0x188 Drivers/STM32H7xx_HAL_Driver/Src/stm32h7xx_hal_tim_ex.o
 .debug_aranges
                0x0000000000001748      0x230 Drivers/STM32H7xx_HAL_Driver/Src/stm32h7xx_hal_uart.o
 .debug_aranges
                0x0000000000001978       0x88 Drivers/STM32H7xx_HAL_Driver/Src/stm32h7xx_hal_uart_ex.o
 .debug_aranges
                0x0000000000001a00      0x198 Drivers/STM32H7xx_HAL_Driver/Src/stm32h7xx_ll_usb.o
 .debug_aranges
                0x0000000000001b98       0x20 D:\UCLA\Courses\EE 113D\Labs\Project_AEC\Core\libs\libarm_cortexM7lfdp_math.a(arm_max_no_idx_f32.o)
 .debug_aranges
                0x0000000000001bb8       0x20 D:\UCLA\Courses\EE 113D\Labs\Project_AEC\Core\libs\libarm_cortexM7lfdp_math.a(arm_dot_prod_f32.o)

.debug_ranges   0x0000000000000000     0x1a10
 .debug_ranges  0x0000000000000000       0x38 Core/Src/aec.o
 .debug_ranges  0x0000000000000038       0x20 Core/Src/echo.o
 .debug_ranges  0x0000000000000058       0xa0 Core/Src/main.o
 .debug_ranges  0x00000000000000f8       0x70 Core/Src/stm32h7xx_hal_msp.o
 .debug_ranges  0x0000000000000168       0x68 Core/Src/stm32h7xx_it.o
 .debug_ranges  0x00000000000001d0       0x10 Core/Src/sysmem.o
 .debug_ranges  0x00000000000001e0       0x18 Core/Src/system_stm32h7xx.o
 .debug_ranges  0x00000000000001f8       0x20 Core/Startup/startup_stm32h743zitx.o
 .debug_ranges  0x0000000000000218      0x1a8 Drivers/STM32H7xx_HAL_Driver/Src/stm32h7xx_hal.o
 .debug_ranges  0x00000000000003c0      0x218 Drivers/STM32H7xx_HAL_Driver/Src/stm32h7xx_hal_adc.o
 .debug_ranges  0x00000000000005d8      0x1c8 Drivers/STM32H7xx_HAL_Driver/Src/stm32h7xx_hal_adc_ex.o
 .debug_ranges  0x00000000000007a0      0x110 Drivers/STM32H7xx_HAL_Driver/Src/stm32h7xx_hal_cortex.o
 .debug_ranges  0x00000000000008b0       0xb0 Drivers/STM32H7xx_HAL_Driver/Src/stm32h7xx_hal_dac.o
 .debug_ranges  0x0000000000000960       0x98 Drivers/STM32H7xx_HAL_Driver/Src/stm32h7xx_hal_dac_ex.o
 .debug_ranges  0x00000000000009f8       0x90 Drivers/STM32H7xx_HAL_Driver/Src/stm32h7xx_hal_dma.o
 .debug_ranges  0x0000000000000a88      0x1a0 Drivers/STM32H7xx_HAL_Driver/Src/stm32h7xx_hal_eth.o
 .debug_ranges  0x0000000000000c28       0x48 Drivers/STM32H7xx_HAL_Driver/Src/stm32h7xx_hal_gpio.o
 .debug_ranges  0x0000000000000c70      0x120 Drivers/STM32H7xx_HAL_Driver/Src/stm32h7xx_hal_pcd.o
 .debug_ranges  0x0000000000000d90       0x50 Drivers/STM32H7xx_HAL_Driver/Src/stm32h7xx_hal_pcd_ex.o
 .debug_ranges  0x0000000000000de0      0x148 Drivers/STM32H7xx_HAL_Driver/Src/stm32h7xx_hal_pwr_ex.o
 .debug_ranges  0x0000000000000f28       0x78 Drivers/STM32H7xx_HAL_Driver/Src/stm32h7xx_hal_rcc.o
 .debug_ranges  0x0000000000000fa0       0xe8 Drivers/STM32H7xx_HAL_Driver/Src/stm32h7xx_hal_rcc_ex.o
 .debug_ranges  0x0000000000001088      0x3d0 Drivers/STM32H7xx_HAL_Driver/Src/stm32h7xx_hal_tim.o
 .debug_ranges  0x0000000000001458      0x178 Drivers/STM32H7xx_HAL_Driver/Src/stm32h7xx_hal_tim_ex.o
 .debug_ranges  0x00000000000015d0      0x220 Drivers/STM32H7xx_HAL_Driver/Src/stm32h7xx_hal_uart.o
 .debug_ranges  0x00000000000017f0       0x78 Drivers/STM32H7xx_HAL_Driver/Src/stm32h7xx_hal_uart_ex.o
 .debug_ranges  0x0000000000001868      0x188 Drivers/STM32H7xx_HAL_Driver/Src/stm32h7xx_ll_usb.o
 .debug_ranges  0x00000000000019f0       0x10 D:\UCLA\Courses\EE 113D\Labs\Project_AEC\Core\libs\libarm_cortexM7lfdp_math.a(arm_max_no_idx_f32.o)
 .debug_ranges  0x0000000000001a00       0x10 D:\UCLA\Courses\EE 113D\Labs\Project_AEC\Core\libs\libarm_cortexM7lfdp_math.a(arm_dot_prod_f32.o)

.debug_macro    0x0000000000000000    0x3c7b3
 .debug_macro   0x0000000000000000      0x2bc Core/Src/aec.o
 .debug_macro   0x00000000000002bc      0xa66 Core/Src/aec.o
 .debug_macro   0x0000000000000d22       0x22 Core/Src/aec.o
 .debug_macro   0x0000000000000d44       0x40 Core/Src/aec.o
 .debug_macro   0x0000000000000d84       0x17 Core/Src/aec.o
 .debug_macro   0x0000000000000d9b       0x94 Core/Src/aec.o
 .debug_macro   0x0000000000000e2f       0x3c Core/Src/aec.o
 .debug_macro   0x0000000000000e6b       0x34 Core/Src/aec.o
 .debug_macro   0x0000000000000e9f       0x16 Core/Src/aec.o
 .debug_macro   0x0000000000000eb5       0x57 Core/Src/aec.o
 .debug_macro   0x0000000000000f0c       0x97 Core/Src/aec.o
 .debug_macro   0x0000000000000fa3      0x330 Core/Src/aec.o
 .debug_macro   0x00000000000012d3       0xfd Core/Src/aec.o
 .debug_macro   0x00000000000013d0       0x10 Core/Src/aec.o
 .debug_macro   0x00000000000013e0       0x52 Core/Src/aec.o
 .debug_macro   0x0000000000001432       0x1f Core/Src/aec.o
 .debug_macro   0x0000000000001451       0x43 Core/Src/aec.o
 .debug_macro   0x0000000000001494       0x20 Core/Src/aec.o
 .debug_macro   0x00000000000014b4      0x1a3 Core/Src/aec.o
 .debug_macro   0x0000000000001657       0x10 Core/Src/aec.o
 .debug_macro   0x0000000000001667       0x6a Core/Src/aec.o
 .debug_macro   0x00000000000016d1       0x1c Core/Src/aec.o
 .debug_macro   0x00000000000016ed       0x52 Core/Src/aec.o
 .debug_macro   0x000000000000173f       0x40 Core/Src/aec.o
 .debug_macro   0x000000000000177f       0x10 Core/Src/aec.o
 .debug_macro   0x000000000000178f       0x40 Core/Src/aec.o
 .debug_macro   0x00000000000017cf       0xd7 Core/Src/aec.o
 .debug_macro   0x00000000000018a6       0x1c Core/Src/aec.o
 .debug_macro   0x00000000000018c2       0x3d Core/Src/aec.o
 .debug_macro   0x00000000000018ff       0x16 Core/Src/aec.o
 .debug_macro   0x0000000000001915      0x145 Core/Src/aec.o
 .debug_macro   0x0000000000001a5a       0x16 Core/Src/aec.o
 .debug_macro   0x0000000000001a70       0x35 Core/Src/aec.o
 .debug_macro   0x0000000000001aa5       0x16 Core/Src/aec.o
 .debug_macro   0x0000000000001abb       0x29 Core/Src/aec.o
 .debug_macro   0x0000000000001ae4       0x22 Core/Src/aec.o
 .debug_macro   0x0000000000001b06      0x1e1 Core/Src/aec.o
 .debug_macro   0x0000000000001ce7       0xef Core/Src/aec.o
 .debug_macro   0x0000000000001dd6      0x1df Core/Src/aec.o
 .debug_macro   0x0000000000001fb5       0xd9 Core/Src/aec.o
 .debug_macro   0x000000000000208e       0x16 Core/Src/aec.o
 .debug_macro   0x00000000000020a4       0x20 Core/Src/aec.o
 .debug_macro   0x00000000000020c4      0x201 Core/Src/aec.o
 .debug_macro   0x00000000000022c5       0x2b Core/Src/aec.o
 .debug_macro   0x00000000000022f0      0x118 Core/Src/aec.o
 .debug_macro   0x0000000000002408      0x169 Core/Src/aec.o
 .debug_macro   0x0000000000002571       0x10 Core/Src/aec.o