core_cm7.h:2606:26:ITM_SendChar	16	static,ignoring_inline_asm
main.c:126:6:delay_us	16	static
main.c:134:6:playback	24	static
main.c:152:5:main	48	static
main.c:340:6:SystemClock_Config	312	static
main.c:420:13:MX_ADC1_Init	48	static
main.c:484:13:MX_DAC1_Init	48	static
main.c:525:13:MX_ETH_Init	8	static
main.c:571:13:MX_TIM1_Init	40	static
main.c:618:13:MX_TIM2_Init	40	static
main.c:663:13:MX_USART3_UART_Init	8	static
main.c:711:13:MX_USB_OTG_FS_PCD_Init	8	static
main.c:745:13:MX_DMA_Init	16	static
main.c:766:13:MX_GPIO_Init	64	static
main.c:849:6:HAL_GPIO_EXTI_Callback	16	static
main.c:859:6:HAL_ADC_ConvCpltCallback	16	static
main.c:866:6:HAL_DAC_ConvCpltCallbackCh1	16	static
main.c:870:5:_write	32	static
main.c:884:6:Error_Handler	8	static
